20:03:31 **** Auto Build of configuration Debug for project Camera1 ****
make pre-build main-build 
a9-linaro-pre-build-step
' '
'Building file: ../src/cameraSetup.c'
'Invoking: ARM v7 gcc compiler'
arm-none-eabi-gcc -Wall -O0 -g3 -c -fmessage-length=0 -MT"src/cameraSetup.o" -mcpu=cortex-a9 -mfpu=vfpv3 -mfloat-abi=hard -I../../Camera1_bsp/ps7_cortexa9_0/include -MMD -MP -MF"src/cameraSetup.d" -MT"src/cameraSetup.o" -o "src/cameraSetup.o" "../src/cameraSetup.c"
In file included from ../src/cameraSetup.h:13:0,
                 from ../src/cameraSetup.c:1:
../src/cameraInit.h:358:27: warning: 'ov7670_image' defined but not used [-Wunused-variable]
 static struct regval_list ov7670_image[] = {
                           ^~~~~~~~~~~~
../src/cameraInit.h:351:27: warning: 'ov7670_test_bar' defined but not used [-Wunused-variable]
 static struct regval_list ov7670_test_bar[] = {
                           ^~~~~~~~~~~~~~~
../src/cameraInit.h:344:27: warning: 'ov7670_test_shift' defined but not used [-Wunused-variable]
 static struct regval_list ov7670_test_shift[] = {
                           ^~~~~~~~~~~~~~~~~
../src/cameraInit.h:326:27: warning: 'ov7670_fmt_rgb565' defined but not used [-Wunused-variable]
 static struct regval_list ov7670_fmt_rgb565[] = {
                           ^~~~~~~~~~~~~~~~~
../src/cameraInit.h:305:27: warning: 'ov7670_fmt_yuv422_manual_uv' defined but not used [-Wunused-variable]
 static struct regval_list ov7670_fmt_yuv422_manual_uv[] = {
                           ^~~~~~~~~~~~~~~~~~~~~~~~~~~
../src/cameraInit.h:289:27: warning: 'ov7670_fmt_yuv422' defined but not used [-Wunused-variable]
 static struct regval_list ov7670_fmt_yuv422[] = {
                           ^~~~~~~~~~~~~~~~~
../src/cameraInit.h:161:27: warning: 'ov7670_default_regs' defined but not used [-Wunused-variable]
 static struct regval_list ov7670_default_regs[] = {
                           ^~~~~~~~~~~~~~~~~~~
'Finished building: ../src/cameraSetup.c'
' '
'Building file: ../src/main.c'
'Invoking: ARM v7 gcc compiler'
arm-none-eabi-gcc -Wall -O0 -g3 -c -fmessage-length=0 -MT"src/main.o" -mcpu=cortex-a9 -mfpu=vfpv3 -mfloat-abi=hard -I../../Camera1_bsp/ps7_cortexa9_0/include -MMD -MP -MF"src/main.d" -MT"src/main.o" -o "src/main.o" "../src/main.c"
In file included from ../src/image.h:3:0,
                 from ../src/main.c:4:
../../Camera1_bsp/ps7_cortexa9_0/include/xbasic_types.h:115:2: warning: #warning The xbasics_type.h file is deprecated and users should use xil_types.h and xil_assert. [-Wcpp]
 #warning  The xbasics_type.h file is deprecated and users should use xil_types.h and xil_assert.
  ^~~~~~~
../../Camera1_bsp/ps7_cortexa9_0/include/xbasic_types.h:116:2: warning: #warning Please refer the Standalone BSP UG647 for further details [-Wcpp]
 #warning  Please refer the Standalone BSP UG647 for further details
  ^~~~~~~
In file included from ../src/jpg.h:5:0,
                 from ../src/image.h:4,
                 from ../src/main.c:4:
../src/huffman_coding.h:338:23: warning: 'ac_chrominance' defined but not used [-Wunused-variable]
 static unsigned short ac_chrominance[160][2] = {
                       ^~~~~~~~~~~~~~
../src/huffman_coding.h:174:23: warning: 'ac_luminance' defined but not used [-Wunused-variable]
 static unsigned short ac_luminance[160][2] = {
                       ^~~~~~~~~~~~
../src/huffman_coding.h:169:23: warning: 'ac_zrl_chrom' defined but not used [-Wunused-variable]
 static unsigned short ac_zrl_chrom[2] = {
                       ^~~~~~~~~~~~
../src/huffman_coding.h:165:23: warning: 'ac_eob_chrom' defined but not used [-Wunused-variable]
 static unsigned short ac_eob_chrom[2] = {
                       ^~~~~~~~~~~~
../src/huffman_coding.h:161:23: warning: 'ac_zrl_lum' defined but not used [-Wunused-variable]
 static unsigned short ac_zrl_lum[2] = {
                       ^~~~~~~~~~
../src/huffman_coding.h:157:23: warning: 'ac_eob_lum' defined but not used [-Wunused-variable]
 static unsigned short ac_eob_lum[2] = {
                       ^~~~~~~~~~
../src/huffman_coding.h:142:23: warning: 'dc_chrominance' defined but not used [-Wunused-variable]
 static unsigned short dc_chrominance[12][2] = {
                       ^~~~~~~~~~~~~~
../src/huffman_coding.h:127:23: warning: 'dc_luminance' defined but not used [-Wunused-variable]
 static unsigned short dc_luminance[12][2] = {
                       ^~~~~~~~~~~~
../src/huffman_coding.h:109:22: warning: 'scan_header' defined but not used [-Wunused-variable]
 static unsigned char scan_header[] = {
                      ^~~~~~~~~~~
In file included from ../src/jpg.h:5:0,
                 from ../src/image.h:4,
                 from ../src/main.c:4:
../src/huffman_coding.h:100:22: warning: 'huffman_table_ac_chrominance' defined but not used [-Wunused-variable]
 static unsigned char huffman_table_ac_chrominance[] = {
                      ^~~~~~~~~~~~~~~~~~~~~~~~~~~~
../src/huffman_coding.h:91:22: warning: 'huffman_table_dc_chrominance' defined but not used [-Wunused-variable]
 static unsigned char huffman_table_dc_chrominance[] = {
                      ^~~~~~~~~~~~~~~~~~~~~~~~~~~~
In file included from ../src/jpg.h:5:0,
                 from ../src/image.h:4,
                 from ../src/main.c:4:
../src/huffman_coding.h:82:22: warning: 'huffman_table_ac_luminance' defined but not used [-Wunused-variable]
 static unsigned char huffman_table_ac_luminance[] = {
                      ^~~~~~~~~~~~~~~~~~~~~~~~~~
../src/huffman_coding.h:73:22: warning: 'huffman_table_dc_luminance' defined but not used [-Wunused-variable]
 static unsigned char huffman_table_dc_luminance[] = {
                      ^~~~~~~~~~~~~~~~~~~~~~~~~~
../src/huffman_coding.h:47:22: warning: 'frame_header' defined but not used [-Wunused-variable]
 static unsigned char frame_header[] = {
                      ^~~~~~~~~~~~
../src/huffman_coding.h:40:22: warning: 'dqt_chr_ctx' defined but not used [-Wunused-variable]
 static unsigned char dqt_chr_ctx[] = {
                      ^~~~~~~~~~~
In file included from ../src/jpg.h:5:0,
                 from ../src/image.h:4,
                 from ../src/main.c:4:
../src/huffman_coding.h:33:22: warning: 'dqt_lum_ctx' defined but not used [-Wunused-variable]
 static unsigned char dqt_lum_ctx[] = {
                      ^~~~~~~~~~~
../src/huffman_coding.h:20:22: warning: 'ext_header' defined but not used [-Wunused-variable]
 static unsigned char ext_header[] = {
                      ^~~~~~~~~~
../src/huffman_coding.h:18:22: warning: 'eoi' defined but not used [-Wunused-variable]
 static unsigned char eoi[] = { 0xff, 0xd9 };
                      ^~~
../src/huffman_coding.h:17:22: warning: 'sos' defined but not used [-Wunused-variable]
 static unsigned char sos[] = { 0xff, 0xda };
                      ^~~
../src/huffman_coding.h:16:22: warning: 'sof' defined but not used [-Wunused-variable]
 static unsigned char sof[] = { 0xff, 0xc0 };
                      ^~~
../src/huffman_coding.h:15:22: warning: 'dht' defined but not used [-Wunused-variable]
 static unsigned char dht[] = { 0xff, 0xc4 };
                      ^~~
../src/huffman_coding.h:14:22: warning: 'dqt' defined but not used [-Wunused-variable]
 static unsigned char dqt[] = { 0xff, 0xdb };
                      ^~~
../src/huffman_coding.h:13:22: warning: 'ext' defined but not used [-Wunused-variable]
 static unsigned char ext[] = { 0xff, 0xe0 };
                      ^~~
../src/huffman_coding.h:12:22: warning: 'soi' defined but not used [-Wunused-variable]
 static unsigned char soi[] = { 0xff, 0xd8 };
                      ^~~
../src/huffman_coding.h:9:23: warning: 'jpeg_format_data_size' defined but not used [-Wunused-variable]
 static unsigned short jpeg_format_data_size = 625;
                       ^~~~~~~~~~~~~~~~~~~~~
In file included from ../src/jpg.h:4:0,
                 from ../src/image.h:4,
                 from ../src/main.c:4:
../src/dct.h:34:14: warning: 'cos_lookup_table' defined but not used [-Wunused-variable]
 static float cos_lookup_table[8][8] = {
              ^~~~~~~~~~~~~~~~
In file included from ../src/jpg.h:4:0,
                 from ../src/image.h:4,
                 from ../src/main.c:4:
../src/dct.h:32:22: warning: 'zig_zag' defined but not used [-Wunused-variable]
 static unsigned char zig_zag[64] = { 0, 1, 8, 16, 9, 2, 3, 10, 17, 24, 32, 25, 18, 11, 4, 5, 12, 19, 26, 33, 40, 48, 41, 34, 27, 20, 13, 6, 7, 14, 21, 28, 35, 42, 49, 56, 57, 50, 43, 36, 29, 22, 15, 23, 30, 37, 44, 51, 58, 59, 52, 45, 38, 31, 39, 46, 53, 60, 61, 54, 47, 55, 62, 63 };
                      ^~~~~~~
../src/dct.h:21:22: warning: 'K2' defined but not used [-Wunused-variable]
 static unsigned char K2[8][8] = {
                      ^~
../src/dct.h:10:22: warning: 'K1' defined but not used [-Wunused-variable]
 static unsigned char K1[8][8] = {
                      ^~
In file included from ../src/cameraSetup.h:13:0,
                 from ../src/main.c:3:
../src/cameraInit.h:358:27: warning: 'ov7670_image' defined but not used [-Wunused-variable]
 static struct regval_list ov7670_image[] = {
                           ^~~~~~~~~~~~
../src/cameraInit.h:351:27: warning: 'ov7670_test_bar' defined but not used [-Wunused-variable]
 static struct regval_list ov7670_test_bar[] = {
                           ^~~~~~~~~~~~~~~
../src/cameraInit.h:344:27: warning: 'ov7670_test_shift' defined but not used [-Wunused-variable]
 static struct regval_list ov7670_test_shift[] = {
                           ^~~~~~~~~~~~~~~~~
../src/cameraInit.h:326:27: warning: 'ov7670_fmt_rgb565' defined but not used [-Wunused-variable]
 static struct regval_list ov7670_fmt_rgb565[] = {
                           ^~~~~~~~~~~~~~~~~
../src/cameraInit.h:305:27: warning: 'ov7670_fmt_yuv422_manual_uv' defined but not used [-Wunused-variable]
 static struct regval_list ov7670_fmt_yuv422_manual_uv[] = {
                           ^~~~~~~~~~~~~~~~~~~~~~~~~~~
'Finished building: ../src/main.c'
' '
'Building target: Camera1.elf'
'Invoking: ARM v7 gcc linker'
arm-none-eabi-gcc -mcpu=cortex-a9 -mfpu=vfpv3 -mfloat-abi=hard -Wl,-build-id=none -specs=Xilinx.spec -Wl,-T -Wl,../src/lscript.ld -L../../Camera1_bsp/ps7_cortexa9_0/lib -o "Camera1.elf"  ./src/cameraSetup.o ./src/dct.o ./src/echo.o ./src/huffman_coding.o ./src/i2c_access.o ./src/iic_phyreset.o ./src/image.o ./src/jpg.o ./src/main.o ./src/platform.o ./src/platform_mb.o ./src/platform_ppc.o ./src/platform_zynq.o ./src/platform_zynqmp.o ./src/sfp.o ./src/si5324.o   -lm -Wl,--start-group,-lxil,-lgcc,-lc,--end-group -Wl,--start-group,-lxil,-llwip4,-lgcc,-lc,--end-group
'Finished building target: Camera1.elf'
' '
'Invoking: ARM v7 Print Size'
arm-none-eabi-size Camera1.elf  |tee "Camera1.elf.size"
   text	   data	    bss	    dec	    hex	filename
 119412	  17148	47225136	47361696	2d2aea0	Camera1.elf
'Finished building: Camera1.elf.size'
' '

20:03:32 Build Finished (took 1s.42ms)

