17:36:06 **** Clean-only build of configuration Debug for project Camera ****
make clean 
rm -rf  ./src/cameraSetup.o ./src/dct.o ./src/echo.o ./src/huffman_coding.o ./src/i2c_access.o ./src/iic_phyreset.o ./src/image.o ./src/jpg.o ./src/main.o ./src/mas_jpeg_coder.o ./src/platform.o ./src/platform_mb.o ./src/platform_ppc.o ./src/platform_zynq.o ./src/platform_zynqmp.o ./src/sfp.o ./src/si5324.o  ./src/cameraSetup.d ./src/dct.d ./src/echo.d ./src/huffman_coding.d ./src/i2c_access.d ./src/iic_phyreset.d ./src/image.d ./src/jpg.d ./src/main.d ./src/mas_jpeg_coder.d ./src/platform.d ./src/platform_mb.d ./src/platform_ppc.d ./src/platform_zynq.d ./src/platform_zynqmp.d ./src/sfp.d ./src/si5324.d  Camera.elf.size  Camera.elf
' '
17:36:06 **** Clean-only build of project Camera_bsp ****
make -k clean 
make -C ps7_cortexa9_0/libsrc/coresightps_dcc_v1_4/src -s clean 
make -C ps7_cortexa9_0/libsrc/cpu_cortexa9_v2_5/src -s clean 
make -C ps7_cortexa9_0/libsrc/ddrps_v1_0/src -s clean 
make -C ps7_cortexa9_0/libsrc/devcfg_v3_5/src -s clean 
make -C ps7_cortexa9_0/libsrc/dmaps_v2_3/src -s clean 
make -C ps7_cortexa9_0/libsrc/emacps_v3_5/src -s clean 
make -C ps7_cortexa9_0/libsrc/gpio_v4_3/src -s clean 
make -C ps7_cortexa9_0/libsrc/gpiops_v3_3/src -s clean 
make -C ps7_cortexa9_0/libsrc/iicps_v3_5/src -s clean 
make -C ps7_cortexa9_0/libsrc/lwip141_v1_9/src -s clean 
make -C ps7_cortexa9_0/libsrc/scugic_v3_8/src -s clean 
make -C ps7_cortexa9_0/libsrc/scutimer_v2_1/src -s clean 
make -C ps7_cortexa9_0/libsrc/scuwdt_v2_1/src -s clean 
make -C ps7_cortexa9_0/libsrc/standalone_v6_4/src -s clean 
make -C ps7_cortexa9_0/libsrc/uartps_v3_4/src -s clean 
make -C ps7_cortexa9_0/libsrc/xadcps_v2_2/src -s clean 
rm -f ps7_cortexa9_0/lib/libxil.a
17:36:08 **** Build of project Camera_bsp ****
make -k all 
"Running Make include in ps7_cortexa9_0/libsrc/coresightps_dcc_v1_4/src"
make -C ps7_cortexa9_0/libsrc/coresightps_dcc_v1_4/src -s include  "SHELL=CMD" "COMPILER=arm-none-eabi-gcc" "ARCHIVER=arm-none-eabi-ar" "COMPILER_FLAGS=  -O2 -c" "EXTRA_COMPILER_FLAGS=-mcpu=cortex-a9 -mfpu=vfpv3 -mfloat-abi=hard -nostartfiles -Wall -Wextra"
"Running Make include in ps7_cortexa9_0/libsrc/cpu_cortexa9_v2_5/src"
make -C ps7_cortexa9_0/libsrc/cpu_cortexa9_v2_5/src -s include  "SHELL=CMD" "COMPILER=arm-none-eabi-gcc" "ARCHIVER=arm-none-eabi-ar" "COMPILER_FLAGS=  -O2 -c" "EXTRA_COMPILER_FLAGS=-mcpu=cortex-a9 -mfpu=vfpv3 -mfloat-abi=hard -nostartfiles -Wall -Wextra"
"Running Make include in ps7_cortexa9_0/libsrc/ddrps_v1_0/src"
make -C ps7_cortexa9_0/libsrc/ddrps_v1_0/src -s include  "SHELL=CMD" "COMPILER=arm-none-eabi-gcc" "ARCHIVER=arm-none-eabi-ar" "COMPILER_FLAGS=  -O2 -c" "EXTRA_COMPILER_FLAGS=-mcpu=cortex-a9 -mfpu=vfpv3 -mfloat-abi=hard -nostartfiles -Wall -Wextra"
"Running Make include in ps7_cortexa9_0/libsrc/devcfg_v3_5/src"
make -C ps7_cortexa9_0/libsrc/devcfg_v3_5/src -s include  "SHELL=CMD" "COMPILER=arm-none-eabi-gcc" "ARCHIVER=arm-none-eabi-ar" "COMPILER_FLAGS=  -O2 -c" "EXTRA_COMPILER_FLAGS=-mcpu=cortex-a9 -mfpu=vfpv3 -mfloat-abi=hard -nostartfiles -Wall -Wextra"
"Running Make include in ps7_cortexa9_0/libsrc/dmaps_v2_3/src"
make -C ps7_cortexa9_0/libsrc/dmaps_v2_3/src -s include  "SHELL=CMD" "COMPILER=arm-none-eabi-gcc" "ARCHIVER=arm-none-eabi-ar" "COMPILER_FLAGS=  -O2 -c" "EXTRA_COMPILER_FLAGS=-mcpu=cortex-a9 -mfpu=vfpv3 -mfloat-abi=hard -nostartfiles -Wall -Wextra"
"Running Make include in ps7_cortexa9_0/libsrc/emacps_v3_5/src"
make -C ps7_cortexa9_0/libsrc/emacps_v3_5/src -s include  "SHELL=CMD" "COMPILER=arm-none-eabi-gcc" "ARCHIVER=arm-none-eabi-ar" "COMPILER_FLAGS=  -O2 -c" "EXTRA_COMPILER_FLAGS=-mcpu=cortex-a9 -mfpu=vfpv3 -mfloat-abi=hard -nostartfiles -Wall -Wextra"
"Running Make include in ps7_cortexa9_0/libsrc/gpio_v4_3/src"
make -C ps7_cortexa9_0/libsrc/gpio_v4_3/src -s include  "SHELL=CMD" "COMPILER=arm-none-eabi-gcc" "ARCHIVER=arm-none-eabi-ar" "COMPILER_FLAGS=  -O2 -c" "EXTRA_COMPILER_FLAGS=-mcpu=cortex-a9 -mfpu=vfpv3 -mfloat-abi=hard -nostartfiles -Wall -Wextra"
"Running Make include in ps7_cortexa9_0/libsrc/gpiops_v3_3/src"
make -C ps7_cortexa9_0/libsrc/gpiops_v3_3/src -s include  "SHELL=CMD" "COMPILER=arm-none-eabi-gcc" "ARCHIVER=arm-none-eabi-ar" "COMPILER_FLAGS=  -O2 -c" "EXTRA_COMPILER_FLAGS=-mcpu=cortex-a9 -mfpu=vfpv3 -mfloat-abi=hard -nostartfiles -Wall -Wextra"
"Running Make include in ps7_cortexa9_0/libsrc/iicps_v3_5/src"
make -C ps7_cortexa9_0/libsrc/iicps_v3_5/src -s include  "SHELL=CMD" "COMPILER=arm-none-eabi-gcc" "ARCHIVER=arm-none-eabi-ar" "COMPILER_FLAGS=  -O2 -c" "EXTRA_COMPILER_FLAGS=-mcpu=cortex-a9 -mfpu=vfpv3 -mfloat-abi=hard -nostartfiles -Wall -Wextra"
"Running Make include in ps7_cortexa9_0/libsrc/lwip141_v1_9/src"
make -C ps7_cortexa9_0/libsrc/lwip141_v1_9/src -s include  "SHELL=CMD" "COMPILER=arm-none-eabi-gcc" "ARCHIVER=arm-none-eabi-ar" "COMPILER_FLAGS=  -O2 -c" "EXTRA_COMPILER_FLAGS=-mcpu=cortex-a9 -mfpu=vfpv3 -mfloat-abi=hard -nostartfiles -Wall -Wextra"
"Running Make include in ps7_cortexa9_0/libsrc/scugic_v3_8/src"
make -C ps7_cortexa9_0/libsrc/scugic_v3_8/src -s include  "SHELL=CMD" "COMPILER=arm-none-eabi-gcc" "ARCHIVER=arm-none-eabi-ar" "COMPILER_FLAGS=  -O2 -c" "EXTRA_COMPILER_FLAGS=-mcpu=cortex-a9 -mfpu=vfpv3 -mfloat-abi=hard -nostartfiles -Wall -Wextra"
"Running Make include in ps7_cortexa9_0/libsrc/scutimer_v2_1/src"
make -C ps7_cortexa9_0/libsrc/scutimer_v2_1/src -s include  "SHELL=CMD" "COMPILER=arm-none-eabi-gcc" "ARCHIVER=arm-none-eabi-ar" "COMPILER_FLAGS=  -O2 -c" "EXTRA_COMPILER_FLAGS=-mcpu=cortex-a9 -mfpu=vfpv3 -mfloat-abi=hard -nostartfiles -Wall -Wextra"
"Running Make include in ps7_cortexa9_0/libsrc/scuwdt_v2_1/src"
make -C ps7_cortexa9_0/libsrc/scuwdt_v2_1/src -s include  "SHELL=CMD" "COMPILER=arm-none-eabi-gcc" "ARCHIVER=arm-none-eabi-ar" "COMPILER_FLAGS=  -O2 -c" "EXTRA_COMPILER_FLAGS=-mcpu=cortex-a9 -mfpu=vfpv3 -mfloat-abi=hard -nostartfiles -Wall -Wextra"
"Running Make include in ps7_cortexa9_0/libsrc/standalone_v6_4/src"
make -C ps7_cortexa9_0/libsrc/standalone_v6_4/src -s include  "SHELL=CMD" "COMPILER=arm-none-eabi-gcc" "ARCHIVER=arm-none-eabi-ar" "COMPILER_FLAGS=  -O2 -c" "EXTRA_COMPILER_FLAGS=-mcpu=cortex-a9 -mfpu=vfpv3 -mfloat-abi=hard -nostartfiles -Wall -Wextra"
"Running Make include in ps7_cortexa9_0/libsrc/uartps_v3_4/src"
make -C ps7_cortexa9_0/libsrc/uartps_v3_4/src -s include  "SHELL=CMD" "COMPILER=arm-none-eabi-gcc" "ARCHIVER=arm-none-eabi-ar" "COMPILER_FLAGS=  -O2 -c" "EXTRA_COMPILER_FLAGS=-mcpu=cortex-a9 -mfpu=vfpv3 -mfloat-abi=hard -nostartfiles -Wall -Wextra"
"Running Make include in ps7_cortexa9_0/libsrc/xadcps_v2_2/src"
make -C ps7_cortexa9_0/libsrc/xadcps_v2_2/src -s include  "SHELL=CMD" "COMPILER=arm-none-eabi-gcc" "ARCHIVER=arm-none-eabi-ar" "COMPILER_FLAGS=  -O2 -c" "EXTRA_COMPILER_FLAGS=-mcpu=cortex-a9 -mfpu=vfpv3 -mfloat-abi=hard -nostartfiles -Wall -Wextra"
"Running Make libs in ps7_cortexa9_0/libsrc/coresightps_dcc_v1_4/src"
make -C ps7_cortexa9_0/libsrc/coresightps_dcc_v1_4/src -s libs  "SHELL=CMD" "COMPILER=arm-none-eabi-gcc" "ARCHIVER=arm-none-eabi-ar" "COMPILER_FLAGS=  -O2 -c" "EXTRA_COMPILER_FLAGS=-mcpu=cortex-a9 -mfpu=vfpv3 -mfloat-abi=hard -nostartfiles -Wall -Wextra"
"Compiling coresightps_dcc"
arm-none-eabi-ar: creating ../../../lib/libxil.a
"Running Make libs in ps7_cortexa9_0/libsrc/cpu_cortexa9_v2_5/src"
make -C ps7_cortexa9_0/libsrc/cpu_cortexa9_v2_5/src -s libs  "SHELL=CMD" "COMPILER=arm-none-eabi-gcc" "ARCHIVER=arm-none-eabi-ar" "COMPILER_FLAGS=  -O2 -c" "EXTRA_COMPILER_FLAGS=-mcpu=cortex-a9 -mfpu=vfpv3 -mfloat-abi=hard -nostartfiles -Wall -Wextra"
"Compiling cpu_cortexa9"
"Running Make libs in ps7_cortexa9_0/libsrc/ddrps_v1_0/src"
make -C ps7_cortexa9_0/libsrc/ddrps_v1_0/src -s libs  "SHELL=CMD" "COMPILER=arm-none-eabi-gcc" "ARCHIVER=arm-none-eabi-ar" "COMPILER_FLAGS=  -O2 -c" "EXTRA_COMPILER_FLAGS=-mcpu=cortex-a9 -mfpu=vfpv3 -mfloat-abi=hard -nostartfiles -Wall -Wextra"
"Compiling ddrps"
"Running Make libs in ps7_cortexa9_0/libsrc/devcfg_v3_5/src"
make -C ps7_cortexa9_0/libsrc/devcfg_v3_5/src -s libs  "SHELL=CMD" "COMPILER=arm-none-eabi-gcc" "ARCHIVER=arm-none-eabi-ar" "COMPILER_FLAGS=  -O2 -c" "EXTRA_COMPILER_FLAGS=-mcpu=cortex-a9 -mfpu=vfpv3 -mfloat-abi=hard -nostartfiles -Wall -Wextra"
"Compiling devcfg"
"Running Make libs in ps7_cortexa9_0/libsrc/dmaps_v2_3/src"
make -C ps7_cortexa9_0/libsrc/dmaps_v2_3/src -s libs  "SHELL=CMD" "COMPILER=arm-none-eabi-gcc" "ARCHIVER=arm-none-eabi-ar" "COMPILER_FLAGS=  -O2 -c" "EXTRA_COMPILER_FLAGS=-mcpu=cortex-a9 -mfpu=vfpv3 -mfloat-abi=hard -nostartfiles -Wall -Wextra"
"Compiling dmaps"
"Running Make libs in ps7_cortexa9_0/libsrc/emacps_v3_5/src"
make -C ps7_cortexa9_0/libsrc/emacps_v3_5/src -s libs  "SHELL=CMD" "COMPILER=arm-none-eabi-gcc" "ARCHIVER=arm-none-eabi-ar" "COMPILER_FLAGS=  -O2 -c" "EXTRA_COMPILER_FLAGS=-mcpu=cortex-a9 -mfpu=vfpv3 -mfloat-abi=hard -nostartfiles -Wall -Wextra"
"Compiling emacps"
"Running Make libs in ps7_cortexa9_0/libsrc/gpio_v4_3/src"
make -C ps7_cortexa9_0/libsrc/gpio_v4_3/src -s libs  "SHELL=CMD" "COMPILER=arm-none-eabi-gcc" "ARCHIVER=arm-none-eabi-ar" "COMPILER_FLAGS=  -O2 -c" "EXTRA_COMPILER_FLAGS=-mcpu=cortex-a9 -mfpu=vfpv3 -mfloat-abi=hard -nostartfiles -Wall -Wextra"
"Compiling gpio"
"Running Make libs in ps7_cortexa9_0/libsrc/gpiops_v3_3/src"
make -C ps7_cortexa9_0/libsrc/gpiops_v3_3/src -s libs  "SHELL=CMD" "COMPILER=arm-none-eabi-gcc" "ARCHIVER=arm-none-eabi-ar" "COMPILER_FLAGS=  -O2 -c" "EXTRA_COMPILER_FLAGS=-mcpu=cortex-a9 -mfpu=vfpv3 -mfloat-abi=hard -nostartfiles -Wall -Wextra"
"Compiling gpiops"
"Running Make libs in ps7_cortexa9_0/libsrc/iicps_v3_5/src"
make -C ps7_cortexa9_0/libsrc/iicps_v3_5/src -s libs  "SHELL=CMD" "COMPILER=arm-none-eabi-gcc" "ARCHIVER=arm-none-eabi-ar" "COMPILER_FLAGS=  -O2 -c" "EXTRA_COMPILER_FLAGS=-mcpu=cortex-a9 -mfpu=vfpv3 -mfloat-abi=hard -nostartfiles -Wall -Wextra"
"Compiling iicps"
"Running Make libs in ps7_cortexa9_0/libsrc/lwip141_v1_9/src"
make -C ps7_cortexa9_0/libsrc/lwip141_v1_9/src -s libs  "SHELL=CMD" "COMPILER=arm-none-eabi-gcc" "ARCHIVER=arm-none-eabi-ar" "COMPILER_FLAGS=  -O2 -c" "EXTRA_COMPILER_FLAGS=-mcpu=cortex-a9 -mfpu=vfpv3 -mfloat-abi=hard -nostartfiles -Wall -Wextra"
"Compiling lwip src and adapter files"
In file included from ../../../include/lwip/ip.h:39:0,
                 from lwip-1.4.1/src/core/ipv4/ip.c:42:
lwip-1.4.1/src/core/ipv4/ip.c: In function 'ip_input':
../../../include/lwip/ip_addr.h:200:39: warning: the comparison will always evaluate as 'false' for the address of 'current_iphdr_src' will never be NULL [-Waddress]
 #define ip_addr_isany(addr1) ((addr1) == NULL || (addr1)->addr == IPADDR_ANY)
                                       ^
lwip-1.4.1/src/core/ipv4/ip.c:473:24: note: in expansion of macro 'ip_addr_isany'
   if (check_ip_src && !ip_addr_isany(&current_iphdr_src))
                        ^~~~~~~~~~~~~
In file included from ../../../include/lwip/netif.h:41:0,
                 from ../../../include/lwip/udp.h:40,
                 from lwip-1.4.1/src/core/dhcp.c:75:
lwip-1.4.1/src/core/dhcp.c: In function 'dhcp_bind':
../../../include/lwip/ip_addr.h:200:39: warning: the comparison will always evaluate as 'false' for the address of 'gw_addr' will never be NULL [-Waddress]
 #define ip_addr_isany(addr1) ((addr1) == NULL || (addr1)->addr == IPADDR_ANY)
                                       ^
lwip-1.4.1/src/core/dhcp.c:987:7: note: in expansion of macro 'ip_addr_isany'
   if (ip_addr_isany(&gw_addr)) {
       ^~~~~~~~~~~~~
In file included from ../../../include/xemacps.h:348:0,
                 from ../../../include/netif/xemacpsif.h:59,
                 from contrib/ports/xilinx/netif/xemacpsif_dma.c:39:
contrib/ports/xilinx/netif/xemacpsif_dma.c: In function 'init_dma':
../../../include/xemacps_bd.h:163:62: warning: 'bdrxterminate' may be used uninitialized in this function [-Wmaybe-uninitialized]
     (*(u32 *)((UINTPTR)(void*)(BaseAddress) + (u32)(Offset)) = (u32)(Data))
                                                              ^
contrib/ports/xilinx/netif/xemacpsif_dma.c:558:14: note: 'bdrxterminate' was declared here
  XEmacPs_Bd *bdrxterminate;
              ^~~~~~~~~~~~~
In file included from ../../../include/xemacps.h:348:0,
                 from ../../../include/netif/xemacpsif.h:59,
                 from contrib/ports/xilinx/netif/xemacpsif_dma.c:39:
../../../include/xemacps_bd.h:126:5: warning: 'bdtxterminate' may be used uninitialized in this function [-Wmaybe-uninitialized]
     memset((BdPtr), 0, sizeof(XEmacPs_Bd))
     ^~~~~~
contrib/ports/xilinx/netif/xemacpsif_dma.c:557:14: note: 'bdtxterminate' was declared here
  XEmacPs_Bd *bdtxterminate;
              ^~~~~~~~~~~~~
"Running Make libs in ps7_cortexa9_0/libsrc/scugic_v3_8/src"
make -C ps7_cortexa9_0/libsrc/scugic_v3_8/src -s libs  "SHELL=CMD" "COMPILER=arm-none-eabi-gcc" "ARCHIVER=arm-none-eabi-ar" "COMPILER_FLAGS=  -O2 -c" "EXTRA_COMPILER_FLAGS=-mcpu=cortex-a9 -mfpu=vfpv3 -mfloat-abi=hard -nostartfiles -Wall -Wextra"
"Compiling scugic"
"Running Make libs in ps7_cortexa9_0/libsrc/scutimer_v2_1/src"
make -C ps7_cortexa9_0/libsrc/scutimer_v2_1/src -s libs  "SHELL=CMD" "COMPILER=arm-none-eabi-gcc" "ARCHIVER=arm-none-eabi-ar" "COMPILER_FLAGS=  -O2 -c" "EXTRA_COMPILER_FLAGS=-mcpu=cortex-a9 -mfpu=vfpv3 -mfloat-abi=hard -nostartfiles -Wall -Wextra"
"Compiling scutimer"
"Running Make libs in ps7_cortexa9_0/libsrc/scuwdt_v2_1/src"
make -C ps7_cortexa9_0/libsrc/scuwdt_v2_1/src -s libs  "SHELL=CMD" "COMPILER=arm-none-eabi-gcc" "ARCHIVER=arm-none-eabi-ar" "COMPILER_FLAGS=  -O2 -c" "EXTRA_COMPILER_FLAGS=-mcpu=cortex-a9 -mfpu=vfpv3 -mfloat-abi=hard -nostartfiles -Wall -Wextra"
"Compiling scuwdt"
"Running Make libs in ps7_cortexa9_0/libsrc/standalone_v6_4/src"
make -C ps7_cortexa9_0/libsrc/standalone_v6_4/src -s libs  "SHELL=CMD" "COMPILER=arm-none-eabi-gcc" "ARCHIVER=arm-none-eabi-ar" "COMPILER_FLAGS=  -O2 -c" "EXTRA_COMPILER_FLAGS=-mcpu=cortex-a9 -mfpu=vfpv3 -mfloat-abi=hard -nostartfiles -Wall -Wextra"
"Compiling standalone"
"Running Make libs in ps7_cortexa9_0/libsrc/uartps_v3_4/src"
make -C ps7_cortexa9_0/libsrc/uartps_v3_4/src -s libs  "SHELL=CMD" "COMPILER=arm-none-eabi-gcc" "ARCHIVER=arm-none-eabi-ar" "COMPILER_FLAGS=  -O2 -c" "EXTRA_COMPILER_FLAGS=-mcpu=cortex-a9 -mfpu=vfpv3 -mfloat-abi=hard -nostartfiles -Wall -Wextra"
"Compiling uartps"
"Running Make libs in ps7_cortexa9_0/libsrc/xadcps_v2_2/src"
make -C ps7_cortexa9_0/libsrc/xadcps_v2_2/src -s libs  "SHELL=CMD" "COMPILER=arm-none-eabi-gcc" "ARCHIVER=arm-none-eabi-ar" "COMPILER_FLAGS=  -O2 -c" "EXTRA_COMPILER_FLAGS=-mcpu=cortex-a9 -mfpu=vfpv3 -mfloat-abi=hard -nostartfiles -Wall -Wextra"
"Compiling xadcps"
'Finished building libraries'
17:36:30 **** Clean-only build of configuration Debug for project Camera ****
make clean 
rm -rf  ./src/cameraSetup.o ./src/dct.o ./src/echo.o ./src/huffman_coding.o ./src/i2c_access.o ./src/iic_phyreset.o ./src/image.o ./src/jpg.o ./src/main.o ./src/mas_jpeg_coder.o ./src/platform.o ./src/platform_mb.o ./src/platform_ppc.o ./src/platform_zynq.o ./src/platform_zynqmp.o ./src/sfp.o ./src/si5324.o  ./src/cameraSetup.d ./src/dct.d ./src/echo.d ./src/huffman_coding.d ./src/i2c_access.d ./src/iic_phyreset.d ./src/image.d ./src/jpg.d ./src/main.d ./src/mas_jpeg_coder.d ./src/platform.d ./src/platform_mb.d ./src/platform_ppc.d ./src/platform_zynq.d ./src/platform_zynqmp.d ./src/sfp.d ./src/si5324.d  Camera.elf.size  Camera.elf
' '
17:36:30 **** Build of configuration Debug for project Camera ****
make pre-build main-build 
a9-linaro-pre-build-step
' '
'Building file: ../src/cameraSetup.c'
'Invoking: ARM v7 gcc compiler'
arm-none-eabi-gcc -Wall -O0 -g3 -c -fmessage-length=0 -MT"src/cameraSetup.o" -mcpu=cortex-a9 -mfpu=vfpv3 -mfloat-abi=hard -I../../Camera_bsp/ps7_cortexa9_0/include -MMD -MP -MF"src/cameraSetup.d" -MT"src/cameraSetup.o" -o "src/cameraSetup.o" "../src/cameraSetup.c"
In file included from ../src/cameraSetup.h:13:0,
                 from ../src/cameraSetup.c:1:
../src/cameraInit.h:358:27: warning: 'ov7670_image' defined but not used [-Wunused-variable]
 static struct regval_list ov7670_image[] = {
                           ^~~~~~~~~~~~
../src/cameraInit.h:351:27: warning: 'ov7670_test_bar' defined but not used [-Wunused-variable]
 static struct regval_list ov7670_test_bar[] = {
                           ^~~~~~~~~~~~~~~
../src/cameraInit.h:344:27: warning: 'ov7670_test_shift' defined but not used [-Wunused-variable]
 static struct regval_list ov7670_test_shift[] = {
                           ^~~~~~~~~~~~~~~~~
../src/cameraInit.h:326:27: warning: 'ov7670_fmt_rgb565' defined but not used [-Wunused-variable]
 static struct regval_list ov7670_fmt_rgb565[] = {
                           ^~~~~~~~~~~~~~~~~
../src/cameraInit.h:305:27: warning: 'ov7670_fmt_yuv422_manual_uv' defined but not used [-Wunused-variable]
 static struct regval_list ov7670_fmt_yuv422_manual_uv[] = {
                           ^~~~~~~~~~~~~~~~~~~~~~~~~~~
../src/cameraInit.h:289:27: warning: 'ov7670_fmt_yuv422' defined but not used [-Wunused-variable]
 static struct regval_list ov7670_fmt_yuv422[] = {
                           ^~~~~~~~~~~~~~~~~
../src/cameraInit.h:161:27: warning: 'ov7670_default_regs' defined but not used [-Wunused-variable]
 static struct regval_list ov7670_default_regs[] = {
                           ^~~~~~~~~~~~~~~~~~~
'Finished building: ../src/cameraSetup.c'
' '
'Building file: ../src/dct.c'
'Invoking: ARM v7 gcc compiler'
arm-none-eabi-gcc -Wall -O0 -g3 -c -fmessage-length=0 -MT"src/dct.o" -mcpu=cortex-a9 -mfpu=vfpv3 -mfloat-abi=hard -I../../Camera_bsp/ps7_cortexa9_0/include -MMD -MP -MF"src/dct.d" -MT"src/dct.o" -o "src/dct.o" "../src/dct.c"
../src/dct.c: In function 'dct':
../src/dct.c:148:6: warning: unused variable 'n_of_pixels' [-Wunused-variable]
  int n_of_pixels = height * width;
      ^~~~~~~~~~~
In file included from ../src/dct.c:1:0:
At top level:
../src/dct.h:32:22: warning: 'zig_zag' defined but not used [-Wunused-variable]
 static unsigned char zig_zag[64] = { 0, 1, 8, 16, 9, 2, 3, 10, 17, 24, 32, 25, 18, 11, 4, 5, 12, 19, 26, 33, 40, 48, 41, 34, 27, 20, 13, 6, 7, 14, 21, 28, 35, 42, 49, 56, 57, 50, 43, 36, 29, 22, 15, 23, 30, 37, 44, 51, 58, 59, 52, 45, 38, 31, 39, 46, 53, 60, 61, 54, 47, 55, 62, 63 };
                      ^~~~~~~
'Finished building: ../src/dct.c'
' '
'Building file: ../src/echo.c'
'Invoking: ARM v7 gcc compiler'
arm-none-eabi-gcc -Wall -O0 -g3 -c -fmessage-length=0 -MT"src/echo.o" -mcpu=cortex-a9 -mfpu=vfpv3 -mfloat-abi=hard -I../../Camera_bsp/ps7_cortexa9_0/include -MMD -MP -MF"src/echo.d" -MT"src/echo.o" -o "src/echo.o" "../src/echo.c"
In file included from ../src/image.h:3:0,
                 from ../src/echo.c:35:
../../Camera_bsp/ps7_cortexa9_0/include/xbasic_types.h:115:2: warning: #warning The xbasics_type.h file is deprecated and users should use xil_types.h and xil_assert. [-Wcpp]
 #warning  The xbasics_type.h file is deprecated and users should use xil_types.h and xil_assert.
  ^~~~~~~
../../Camera_bsp/ps7_cortexa9_0/include/xbasic_types.h:116:2: warning: #warning Please refer the Standalone BSP UG647 for further details [-Wcpp]
 #warning  Please refer the Standalone BSP UG647 for further details
  ^~~~~~~
In file included from ../src/jpg.h:5:0,
                 from ../src/image.h:4,
                 from ../src/echo.c:35:
../src/huffman_coding.h:338:23: warning: 'ac_chrominance' defined but not used [-Wunused-variable]
 static unsigned short ac_chrominance[160][2] = {
                       ^~~~~~~~~~~~~~
../src/huffman_coding.h:174:23: warning: 'ac_luminance' defined but not used [-Wunused-variable]
 static unsigned short ac_luminance[160][2] = {
                       ^~~~~~~~~~~~
../src/huffman_coding.h:169:23: warning: 'ac_zrl_chrom' defined but not used [-Wunused-variable]
 static unsigned short ac_zrl_chrom[2] = {
                       ^~~~~~~~~~~~
../src/huffman_coding.h:165:23: warning: 'ac_eob_chrom' defined but not used [-Wunused-variable]
 static unsigned short ac_eob_chrom[2] = {
                       ^~~~~~~~~~~~
../src/huffman_coding.h:161:23: warning: 'ac_zrl_lum' defined but not used [-Wunused-variable]
 static unsigned short ac_zrl_lum[2] = {
                       ^~~~~~~~~~
../src/huffman_coding.h:157:23: warning: 'ac_eob_lum' defined but not used [-Wunused-variable]
 static unsigned short ac_eob_lum[2] = {
                       ^~~~~~~~~~
../src/huffman_coding.h:142:23: warning: 'dc_chrominance' defined but not used [-Wunused-variable]
 static unsigned short dc_chrominance[12][2] = {
                       ^~~~~~~~~~~~~~
../src/huffman_coding.h:127:23: warning: 'dc_luminance' defined but not used [-Wunused-variable]
 static unsigned short dc_luminance[12][2] = {
                       ^~~~~~~~~~~~
../src/huffman_coding.h:109:22: warning: 'scan_header' defined but not used [-Wunused-variable]
 static unsigned char scan_header[] = {
                      ^~~~~~~~~~~
In file included from ../src/jpg.h:5:0,
                 from ../src/image.h:4,
                 from ../src/echo.c:35:
../src/huffman_coding.h:100:22: warning: 'huffman_table_ac_chrominance' defined but not used [-Wunused-variable]
 static unsigned char huffman_table_ac_chrominance[] = {
                      ^~~~~~~~~~~~~~~~~~~~~~~~~~~~
../src/huffman_coding.h:91:22: warning: 'huffman_table_dc_chrominance' defined but not used [-Wunused-variable]
 static unsigned char huffman_table_dc_chrominance[] = {
                      ^~~~~~~~~~~~~~~~~~~~~~~~~~~~
In file included from ../src/jpg.h:5:0,
                 from ../src/image.h:4,
                 from ../src/echo.c:35:
../src/huffman_coding.h:82:22: warning: 'huffman_table_ac_luminance' defined but not used [-Wunused-variable]
 static unsigned char huffman_table_ac_luminance[] = {
                      ^~~~~~~~~~~~~~~~~~~~~~~~~~
../src/huffman_coding.h:73:22: warning: 'huffman_table_dc_luminance' defined but not used [-Wunused-variable]
 static unsigned char huffman_table_dc_luminance[] = {
                      ^~~~~~~~~~~~~~~~~~~~~~~~~~
../src/huffman_coding.h:47:22: warning: 'frame_header' defined but not used [-Wunused-variable]
 static unsigned char frame_header[] = {
                      ^~~~~~~~~~~~
../src/huffman_coding.h:40:22: warning: 'dqt_chr_ctx' defined but not used [-Wunused-variable]
 static unsigned char dqt_chr_ctx[] = {
                      ^~~~~~~~~~~
In file included from ../src/jpg.h:5:0,
                 from ../src/image.h:4,
                 from ../src/echo.c:35:
../src/huffman_coding.h:33:22: warning: 'dqt_lum_ctx' defined but not used [-Wunused-variable]
 static unsigned char dqt_lum_ctx[] = {
                      ^~~~~~~~~~~
../src/huffman_coding.h:20:22: warning: 'ext_header' defined but not used [-Wunused-variable]
 static unsigned char ext_header[] = {
                      ^~~~~~~~~~
../src/huffman_coding.h:18:22: warning: 'eoi' defined but not used [-Wunused-variable]
 static unsigned char eoi[] = { 0xff, 0xd9 };
                      ^~~
../src/huffman_coding.h:17:22: warning: 'sos' defined but not used [-Wunused-variable]
 static unsigned char sos[] = { 0xff, 0xda };
                      ^~~
../src/huffman_coding.h:16:22: warning: 'sof' defined but not used [-Wunused-variable]
 static unsigned char sof[] = { 0xff, 0xc0 };
                      ^~~
../src/huffman_coding.h:15:22: warning: 'dht' defined but not used [-Wunused-variable]
 static unsigned char dht[] = { 0xff, 0xc4 };
                      ^~~
../src/huffman_coding.h:14:22: warning: 'dqt' defined but not used [-Wunused-variable]
 static unsigned char dqt[] = { 0xff, 0xdb };
                      ^~~
../src/huffman_coding.h:13:22: warning: 'ext' defined but not used [-Wunused-variable]
 static unsigned char ext[] = { 0xff, 0xe0 };
                      ^~~
../src/huffman_coding.h:12:22: warning: 'soi' defined but not used [-Wunused-variable]
 static unsigned char soi[] = { 0xff, 0xd8 };
                      ^~~
../src/huffman_coding.h:9:23: warning: 'jpeg_format_data_size' defined but not used [-Wunused-variable]
 static unsigned short jpeg_format_data_size = 625;
                       ^~~~~~~~~~~~~~~~~~~~~
In file included from ../src/jpg.h:4:0,
                 from ../src/image.h:4,
                 from ../src/echo.c:35:
../src/dct.h:34:14: warning: 'cos_lookup_table' defined but not used [-Wunused-variable]
 static float cos_lookup_table[8][8] = {
              ^~~~~~~~~~~~~~~~
In file included from ../src/jpg.h:4:0,
                 from ../src/image.h:4,
                 from ../src/echo.c:35:
../src/dct.h:32:22: warning: 'zig_zag' defined but not used [-Wunused-variable]
 static unsigned char zig_zag[64] = { 0, 1, 8, 16, 9, 2, 3, 10, 17, 24, 32, 25, 18, 11, 4, 5, 12, 19, 26, 33, 40, 48, 41, 34, 27, 20, 13, 6, 7, 14, 21, 28, 35, 42, 49, 56, 57, 50, 43, 36, 29, 22, 15, 23, 30, 37, 44, 51, 58, 59, 52, 45, 38, 31, 39, 46, 53, 60, 61, 54, 47, 55, 62, 63 };
                      ^~~~~~~
../src/dct.h:21:22: warning: 'K2' defined but not used [-Wunused-variable]
 static unsigned char K2[8][8] = {
                      ^~
../src/dct.h:10:22: warning: 'K1' defined but not used [-Wunused-variable]
 static unsigned char K1[8][8] = {
                      ^~
'Finished building: ../src/echo.c'
' '
'Building file: ../src/huffman_coding.c'
'Invoking: ARM v7 gcc compiler'
arm-none-eabi-gcc -Wall -O0 -g3 -c -fmessage-length=0 -MT"src/huffman_coding.o" -mcpu=cortex-a9 -mfpu=vfpv3 -mfloat-abi=hard -I../../Camera_bsp/ps7_cortexa9_0/include -MMD -MP -MF"src/huffman_coding.d" -MT"src/huffman_coding.o" -o "src/huffman_coding.o" "../src/huffman_coding.c"
In file included from ../src/huffman_coding.c:1:0:
../src/huffman_coding.h:338:23: warning: 'ac_chrominance' defined but not used [-Wunused-variable]
 static unsigned short ac_chrominance[160][2] = {
                       ^~~~~~~~~~~~~~
../src/huffman_coding.h:174:23: warning: 'ac_luminance' defined but not used [-Wunused-variable]
 static unsigned short ac_luminance[160][2] = {
                       ^~~~~~~~~~~~
../src/huffman_coding.h:169:23: warning: 'ac_zrl_chrom' defined but not used [-Wunused-variable]
 static unsigned short ac_zrl_chrom[2] = {
                       ^~~~~~~~~~~~
../src/huffman_coding.h:165:23: warning: 'ac_eob_chrom' defined but not used [-Wunused-variable]
 static unsigned short ac_eob_chrom[2] = {
                       ^~~~~~~~~~~~
../src/huffman_coding.h:161:23: warning: 'ac_zrl_lum' defined but not used [-Wunused-variable]
 static unsigned short ac_zrl_lum[2] = {
                       ^~~~~~~~~~
../src/huffman_coding.h:157:23: warning: 'ac_eob_lum' defined but not used [-Wunused-variable]
 static unsigned short ac_eob_lum[2] = {
                       ^~~~~~~~~~
../src/huffman_coding.h:142:23: warning: 'dc_chrominance' defined but not used [-Wunused-variable]
 static unsigned short dc_chrominance[12][2] = {
                       ^~~~~~~~~~~~~~
../src/huffman_coding.h:127:23: warning: 'dc_luminance' defined but not used [-Wunused-variable]
 static unsigned short dc_luminance[12][2] = {
                       ^~~~~~~~~~~~
'Finished building: ../src/huffman_coding.c'
' '
'Building file: ../src/i2c_access.c'
'Invoking: ARM v7 gcc compiler'
arm-none-eabi-gcc -Wall -O0 -g3 -c -fmessage-length=0 -MT"src/i2c_access.o" -mcpu=cortex-a9 -mfpu=vfpv3 -mfloat-abi=hard -I../../Camera_bsp/ps7_cortexa9_0/include -MMD -MP -MF"src/i2c_access.d" -MT"src/i2c_access.o" -o "src/i2c_access.o" "../src/i2c_access.c"
'Finished building: ../src/i2c_access.c'
' '
'Building file: ../src/iic_phyreset.c'
'Invoking: ARM v7 gcc compiler'
arm-none-eabi-gcc -Wall -O0 -g3 -c -fmessage-length=0 -MT"src/iic_phyreset.o" -mcpu=cortex-a9 -mfpu=vfpv3 -mfloat-abi=hard -I../../Camera_bsp/ps7_cortexa9_0/include -MMD -MP -MF"src/iic_phyreset.d" -MT"src/iic_phyreset.o" -o "src/iic_phyreset.o" "../src/iic_phyreset.c"
'Finished building: ../src/iic_phyreset.c'
' '
'Building file: ../src/image.c'
'Invoking: ARM v7 gcc compiler'
arm-none-eabi-gcc -Wall -O0 -g3 -c -fmessage-length=0 -MT"src/image.o" -mcpu=cortex-a9 -mfpu=vfpv3 -mfloat-abi=hard -I../../Camera_bsp/ps7_cortexa9_0/include -MMD -MP -MF"src/image.d" -MT"src/image.o" -o "src/image.o" "../src/image.c"
In file included from ../src/image.h:3:0,
                 from ../src/image.c:1:
../../Camera_bsp/ps7_cortexa9_0/include/xbasic_types.h:115:2: warning: #warning The xbasics_type.h file is deprecated and users should use xil_types.h and xil_assert. [-Wcpp]
 #warning  The xbasics_type.h file is deprecated and users should use xil_types.h and xil_assert.
  ^~~~~~~
../../Camera_bsp/ps7_cortexa9_0/include/xbasic_types.h:116:2: warning: #warning Please refer the Standalone BSP UG647 for further details [-Wcpp]
 #warning  Please refer the Standalone BSP UG647 for further details
  ^~~~~~~
In file included from ../src/jpg.h:5:0,
                 from ../src/image.h:4,
                 from ../src/image.c:1:
../src/huffman_coding.h:338:23: warning: 'ac_chrominance' defined but not used [-Wunused-variable]
 static unsigned short ac_chrominance[160][2] = {
                       ^~~~~~~~~~~~~~
../src/huffman_coding.h:174:23: warning: 'ac_luminance' defined but not used [-Wunused-variable]
 static unsigned short ac_luminance[160][2] = {
                       ^~~~~~~~~~~~
../src/huffman_coding.h:169:23: warning: 'ac_zrl_chrom' defined but not used [-Wunused-variable]
 static unsigned short ac_zrl_chrom[2] = {
                       ^~~~~~~~~~~~
../src/huffman_coding.h:165:23: warning: 'ac_eob_chrom' defined but not used [-Wunused-variable]
 static unsigned short ac_eob_chrom[2] = {
                       ^~~~~~~~~~~~
../src/huffman_coding.h:161:23: warning: 'ac_zrl_lum' defined but not used [-Wunused-variable]
 static unsigned short ac_zrl_lum[2] = {
                       ^~~~~~~~~~
../src/huffman_coding.h:157:23: warning: 'ac_eob_lum' defined but not used [-Wunused-variable]
 static unsigned short ac_eob_lum[2] = {
                       ^~~~~~~~~~
../src/huffman_coding.h:142:23: warning: 'dc_chrominance' defined but not used [-Wunused-variable]
 static unsigned short dc_chrominance[12][2] = {
                       ^~~~~~~~~~~~~~
../src/huffman_coding.h:127:23: warning: 'dc_luminance' defined but not used [-Wunused-variable]
 static unsigned short dc_luminance[12][2] = {
                       ^~~~~~~~~~~~
../src/huffman_coding.h:109:22: warning: 'scan_header' defined but not used [-Wunused-variable]
 static unsigned char scan_header[] = {
                      ^~~~~~~~~~~
In file included from ../src/jpg.h:5:0,
                 from ../src/image.h:4,
                 from ../src/image.c:1:
../src/huffman_coding.h:100:22: warning: 'huffman_table_ac_chrominance' defined but not used [-Wunused-variable]
 static unsigned char huffman_table_ac_chrominance[] = {
                      ^~~~~~~~~~~~~~~~~~~~~~~~~~~~
../src/huffman_coding.h:91:22: warning: 'huffman_table_dc_chrominance' defined but not used [-Wunused-variable]
 static unsigned char huffman_table_dc_chrominance[] = {
                      ^~~~~~~~~~~~~~~~~~~~~~~~~~~~
In file included from ../src/jpg.h:5:0,
                 from ../src/image.h:4,
                 from ../src/image.c:1:
../src/huffman_coding.h:82:22: warning: 'huffman_table_ac_luminance' defined but not used [-Wunused-variable]
 static unsigned char huffman_table_ac_luminance[] = {
                      ^~~~~~~~~~~~~~~~~~~~~~~~~~
../src/huffman_coding.h:73:22: warning: 'huffman_table_dc_luminance' defined but not used [-Wunused-variable]
 static unsigned char huffman_table_dc_luminance[] = {
                      ^~~~~~~~~~~~~~~~~~~~~~~~~~
../src/huffman_coding.h:47:22: warning: 'frame_header' defined but not used [-Wunused-variable]
 static unsigned char frame_header[] = {
                      ^~~~~~~~~~~~
../src/huffman_coding.h:40:22: warning: 'dqt_chr_ctx' defined but not used [-Wunused-variable]
 static unsigned char dqt_chr_ctx[] = {
                      ^~~~~~~~~~~
In file included from ../src/jpg.h:5:0,
                 from ../src/image.h:4,
                 from ../src/image.c:1:
../src/huffman_coding.h:33:22: warning: 'dqt_lum_ctx' defined but not used [-Wunused-variable]
 static unsigned char dqt_lum_ctx[] = {
                      ^~~~~~~~~~~
../src/huffman_coding.h:20:22: warning: 'ext_header' defined but not used [-Wunused-variable]
 static unsigned char ext_header[] = {
                      ^~~~~~~~~~
../src/huffman_coding.h:18:22: warning: 'eoi' defined but not used [-Wunused-variable]
 static unsigned char eoi[] = { 0xff, 0xd9 };
                      ^~~
../src/huffman_coding.h:17:22: warning: 'sos' defined but not used [-Wunused-variable]
 static unsigned char sos[] = { 0xff, 0xda };
                      ^~~
../src/huffman_coding.h:16:22: warning: 'sof' defined but not used [-Wunused-variable]
 static unsigned char sof[] = { 0xff, 0xc0 };
                      ^~~
../src/huffman_coding.h:15:22: warning: 'dht' defined but not used [-Wunused-variable]
 static unsigned char dht[] = { 0xff, 0xc4 };
                      ^~~
../src/huffman_coding.h:14:22: warning: 'dqt' defined but not used [-Wunused-variable]
 static unsigned char dqt[] = { 0xff, 0xdb };
                      ^~~
../src/huffman_coding.h:13:22: warning: 'ext' defined but not used [-Wunused-variable]
 static unsigned char ext[] = { 0xff, 0xe0 };
                      ^~~
../src/huffman_coding.h:12:22: warning: 'soi' defined but not used [-Wunused-variable]
 static unsigned char soi[] = { 0xff, 0xd8 };
                      ^~~
../src/huffman_coding.h:9:23: warning: 'jpeg_format_data_size' defined but not used [-Wunused-variable]
 static unsigned short jpeg_format_data_size = 625;
                       ^~~~~~~~~~~~~~~~~~~~~
In file included from ../src/jpg.h:4:0,
                 from ../src/image.h:4,
                 from ../src/image.c:1:
../src/dct.h:34:14: warning: 'cos_lookup_table' defined but not used [-Wunused-variable]
 static float cos_lookup_table[8][8] = {
              ^~~~~~~~~~~~~~~~
In file included from ../src/jpg.h:4:0,
                 from ../src/image.h:4,
                 from ../src/image.c:1:
../src/dct.h:32:22: warning: 'zig_zag' defined but not used [-Wunused-variable]
 static unsigned char zig_zag[64] = { 0, 1, 8, 16, 9, 2, 3, 10, 17, 24, 32, 25, 18, 11, 4, 5, 12, 19, 26, 33, 40, 48, 41, 34, 27, 20, 13, 6, 7, 14, 21, 28, 35, 42, 49, 56, 57, 50, 43, 36, 29, 22, 15, 23, 30, 37, 44, 51, 58, 59, 52, 45, 38, 31, 39, 46, 53, 60, 61, 54, 47, 55, 62, 63 };
                      ^~~~~~~
../src/dct.h:21:22: warning: 'K2' defined but not used [-Wunused-variable]
 static unsigned char K2[8][8] = {
                      ^~
../src/dct.h:10:22: warning: 'K1' defined but not used [-Wunused-variable]
 static unsigned char K1[8][8] = {
                      ^~
'Finished building: ../src/image.c'
' '
'Building file: ../src/jpg.c'
'Invoking: ARM v7 gcc compiler'
arm-none-eabi-gcc -Wall -O0 -g3 -c -fmessage-length=0 -MT"src/jpg.o" -mcpu=cortex-a9 -mfpu=vfpv3 -mfloat-abi=hard -I../../Camera_bsp/ps7_cortexa9_0/include -MMD -MP -MF"src/jpg.d" -MT"src/jpg.o" -o "src/jpg.o" "../src/jpg.c"
In file included from ../src/jpg.h:5:0,
                 from ../src/jpg.c:1:
../src/huffman_coding.h:109:22: warning: 'scan_header' defined but not used [-Wunused-variable]
 static unsigned char scan_header[] = {
                      ^~~~~~~~~~~
In file included from ../src/jpg.h:5:0,
                 from ../src/jpg.c:1:
../src/huffman_coding.h:100:22: warning: 'huffman_table_ac_chrominance' defined but not used [-Wunused-variable]
 static unsigned char huffman_table_ac_chrominance[] = {
                      ^~~~~~~~~~~~~~~~~~~~~~~~~~~~
../src/huffman_coding.h:91:22: warning: 'huffman_table_dc_chrominance' defined but not used [-Wunused-variable]
 static unsigned char huffman_table_dc_chrominance[] = {
                      ^~~~~~~~~~~~~~~~~~~~~~~~~~~~
In file included from ../src/jpg.h:5:0,
                 from ../src/jpg.c:1:
../src/huffman_coding.h:82:22: warning: 'huffman_table_ac_luminance' defined but not used [-Wunused-variable]
 static unsigned char huffman_table_ac_luminance[] = {
                      ^~~~~~~~~~~~~~~~~~~~~~~~~~
../src/huffman_coding.h:73:22: warning: 'huffman_table_dc_luminance' defined but not used [-Wunused-variable]
 static unsigned char huffman_table_dc_luminance[] = {
                      ^~~~~~~~~~~~~~~~~~~~~~~~~~
../src/huffman_coding.h:47:22: warning: 'frame_header' defined but not used [-Wunused-variable]
 static unsigned char frame_header[] = {
                      ^~~~~~~~~~~~
../src/huffman_coding.h:40:22: warning: 'dqt_chr_ctx' defined but not used [-Wunused-variable]
 static unsigned char dqt_chr_ctx[] = {
                      ^~~~~~~~~~~
In file included from ../src/jpg.h:5:0,
                 from ../src/jpg.c:1:
../src/huffman_coding.h:33:22: warning: 'dqt_lum_ctx' defined but not used [-Wunused-variable]
 static unsigned char dqt_lum_ctx[] = {
                      ^~~~~~~~~~~
../src/huffman_coding.h:20:22: warning: 'ext_header' defined but not used [-Wunused-variable]
 static unsigned char ext_header[] = {
                      ^~~~~~~~~~
../src/huffman_coding.h:18:22: warning: 'eoi' defined but not used [-Wunused-variable]
 static unsigned char eoi[] = { 0xff, 0xd9 };
                      ^~~
../src/huffman_coding.h:17:22: warning: 'sos' defined but not used [-Wunused-variable]
 static unsigned char sos[] = { 0xff, 0xda };
                      ^~~
../src/huffman_coding.h:16:22: warning: 'sof' defined but not used [-Wunused-variable]
 static unsigned char sof[] = { 0xff, 0xc0 };
                      ^~~
../src/huffman_coding.h:15:22: warning: 'dht' defined but not used [-Wunused-variable]
 static unsigned char dht[] = { 0xff, 0xc4 };
                      ^~~
../src/huffman_coding.h:14:22: warning: 'dqt' defined but not used [-Wunused-variable]
 static unsigned char dqt[] = { 0xff, 0xdb };
                      ^~~
../src/huffman_coding.h:13:22: warning: 'ext' defined but not used [-Wunused-variable]
 static unsigned char ext[] = { 0xff, 0xe0 };
                      ^~~
../src/huffman_coding.h:12:22: warning: 'soi' defined but not used [-Wunused-variable]
 static unsigned char soi[] = { 0xff, 0xd8 };
                      ^~~
../src/huffman_coding.h:9:23: warning: 'jpeg_format_data_size' defined but not used [-Wunused-variable]
 static unsigned short jpeg_format_data_size = 625;
                       ^~~~~~~~~~~~~~~~~~~~~
In file included from ../src/jpg.h:4:0,
                 from ../src/jpg.c:1:
../src/dct.h:34:14: warning: 'cos_lookup_table' defined but not used [-Wunused-variable]
 static float cos_lookup_table[8][8] = {
              ^~~~~~~~~~~~~~~~
In file included from ../src/jpg.h:4:0,
                 from ../src/jpg.c:1:
../src/dct.h:21:22: warning: 'K2' defined but not used [-Wunused-variable]
 static unsigned char K2[8][8] = {
                      ^~
../src/dct.h:10:22: warning: 'K1' defined but not used [-Wunused-variable]
 static unsigned char K1[8][8] = {
                      ^~
'Finished building: ../src/jpg.c'
' '
'Building file: ../src/main.c'
'Invoking: ARM v7 gcc compiler'
arm-none-eabi-gcc -Wall -O0 -g3 -c -fmessage-length=0 -MT"src/main.o" -mcpu=cortex-a9 -mfpu=vfpv3 -mfloat-abi=hard -I../../Camera_bsp/ps7_cortexa9_0/include -MMD -MP -MF"src/main.d" -MT"src/main.o" -o "src/main.o" "../src/main.c"
In file included from ../src/image.h:3:0,
                 from ../src/main.c:4:
../../Camera_bsp/ps7_cortexa9_0/include/xbasic_types.h:115:2: warning: #warning The xbasics_type.h file is deprecated and users should use xil_types.h and xil_assert. [-Wcpp]
 #warning  The xbasics_type.h file is deprecated and users should use xil_types.h and xil_assert.
  ^~~~~~~
../../Camera_bsp/ps7_cortexa9_0/include/xbasic_types.h:116:2: warning: #warning Please refer the Standalone BSP UG647 for further details [-Wcpp]
 #warning  Please refer the Standalone BSP UG647 for further details
  ^~~~~~~
In file included from ../src/jpg.h:5:0,
                 from ../src/image.h:4,
                 from ../src/main.c:4:
../src/huffman_coding.h:338:23: warning: 'ac_chrominance' defined but not used [-Wunused-variable]
 static unsigned short ac_chrominance[160][2] = {
                       ^~~~~~~~~~~~~~
../src/huffman_coding.h:174:23: warning: 'ac_luminance' defined but not used [-Wunused-variable]
 static unsigned short ac_luminance[160][2] = {
                       ^~~~~~~~~~~~
../src/huffman_coding.h:169:23: warning: 'ac_zrl_chrom' defined but not used [-Wunused-variable]
 static unsigned short ac_zrl_chrom[2] = {
                       ^~~~~~~~~~~~
../src/huffman_coding.h:165:23: warning: 'ac_eob_chrom' defined but not used [-Wunused-variable]
 static unsigned short ac_eob_chrom[2] = {
                       ^~~~~~~~~~~~
../src/huffman_coding.h:161:23: warning: 'ac_zrl_lum' defined but not used [-Wunused-variable]
 static unsigned short ac_zrl_lum[2] = {
                       ^~~~~~~~~~
../src/huffman_coding.h:157:23: warning: 'ac_eob_lum' defined but not used [-Wunused-variable]
 static unsigned short ac_eob_lum[2] = {
                       ^~~~~~~~~~
../src/huffman_coding.h:142:23: warning: 'dc_chrominance' defined but not used [-Wunused-variable]
 static unsigned short dc_chrominance[12][2] = {
                       ^~~~~~~~~~~~~~
../src/huffman_coding.h:127:23: warning: 'dc_luminance' defined but not used [-Wunused-variable]
 static unsigned short dc_luminance[12][2] = {
                       ^~~~~~~~~~~~
../src/huffman_coding.h:109:22: warning: 'scan_header' defined but not used [-Wunused-variable]
 static unsigned char scan_header[] = {
                      ^~~~~~~~~~~
In file included from ../src/jpg.h:5:0,
                 from ../src/image.h:4,
                 from ../src/main.c:4:
../src/huffman_coding.h:100:22: warning: 'huffman_table_ac_chrominance' defined but not used [-Wunused-variable]
 static unsigned char huffman_table_ac_chrominance[] = {
                      ^~~~~~~~~~~~~~~~~~~~~~~~~~~~
../src/huffman_coding.h:91:22: warning: 'huffman_table_dc_chrominance' defined but not used [-Wunused-variable]
 static unsigned char huffman_table_dc_chrominance[] = {
                      ^~~~~~~~~~~~~~~~~~~~~~~~~~~~
In file included from ../src/jpg.h:5:0,
                 from ../src/image.h:4,
                 from ../src/main.c:4:
../src/huffman_coding.h:82:22: warning: 'huffman_table_ac_luminance' defined but not used [-Wunused-variable]
 static unsigned char huffman_table_ac_luminance[] = {
                      ^~~~~~~~~~~~~~~~~~~~~~~~~~
../src/huffman_coding.h:73:22: warning: 'huffman_table_dc_luminance' defined but not used [-Wunused-variable]
 static unsigned char huffman_table_dc_luminance[] = {
                      ^~~~~~~~~~~~~~~~~~~~~~~~~~
../src/huffman_coding.h:47:22: warning: 'frame_header' defined but not used [-Wunused-variable]
 static unsigned char frame_header[] = {
                      ^~~~~~~~~~~~
../src/huffman_coding.h:40:22: warning: 'dqt_chr_ctx' defined but not used [-Wunused-variable]
 static unsigned char dqt_chr_ctx[] = {
                      ^~~~~~~~~~~
In file included from ../src/jpg.h:5:0,
                 from ../src/image.h:4,
                 from ../src/main.c:4:
../src/huffman_coding.h:33:22: warning: 'dqt_lum_ctx' defined but not used [-Wunused-variable]
 static unsigned char dqt_lum_ctx[] = {
                      ^~~~~~~~~~~
../src/huffman_coding.h:20:22: warning: 'ext_header' defined but not used [-Wunused-variable]
 static unsigned char ext_header[] = {
                      ^~~~~~~~~~
../src/huffman_coding.h:18:22: warning: 'eoi' defined but not used [-Wunused-variable]
 static unsigned char eoi[] = { 0xff, 0xd9 };
                      ^~~
../src/huffman_coding.h:17:22: warning: 'sos' defined but not used [-Wunused-variable]
 static unsigned char sos[] = { 0xff, 0xda };
                      ^~~
../src/huffman_coding.h:16:22: warning: 'sof' defined but not used [-Wunused-variable]
 static unsigned char sof[] = { 0xff, 0xc0 };
                      ^~~
../src/huffman_coding.h:15:22: warning: 'dht' defined but not used [-Wunused-variable]
 static unsigned char dht[] = { 0xff, 0xc4 };
                      ^~~
../src/huffman_coding.h:14:22: warning: 'dqt' defined but not used [-Wunused-variable]
 static unsigned char dqt[] = { 0xff, 0xdb };
                      ^~~
../src/huffman_coding.h:13:22: warning: 'ext' defined but not used [-Wunused-variable]
 static unsigned char ext[] = { 0xff, 0xe0 };
                      ^~~
../src/huffman_coding.h:12:22: warning: 'soi' defined but not used [-Wunused-variable]
 static unsigned char soi[] = { 0xff, 0xd8 };
                      ^~~
../src/huffman_coding.h:9:23: warning: 'jpeg_format_data_size' defined but not used [-Wunused-variable]
 static unsigned short jpeg_format_data_size = 625;
                       ^~~~~~~~~~~~~~~~~~~~~
In file included from ../src/jpg.h:4:0,
                 from ../src/image.h:4,
                 from ../src/main.c:4:
../src/dct.h:34:14: warning: 'cos_lookup_table' defined but not used [-Wunused-variable]
 static float cos_lookup_table[8][8] = {
              ^~~~~~~~~~~~~~~~
In file included from ../src/jpg.h:4:0,
                 from ../src/image.h:4,
                 from ../src/main.c:4:
../src/dct.h:32:22: warning: 'zig_zag' defined but not used [-Wunused-variable]
 static unsigned char zig_zag[64] = { 0, 1, 8, 16, 9, 2, 3, 10, 17, 24, 32, 25, 18, 11, 4, 5, 12, 19, 26, 33, 40, 48, 41, 34, 27, 20, 13, 6, 7, 14, 21, 28, 35, 42, 49, 56, 57, 50, 43, 36, 29, 22, 15, 23, 30, 37, 44, 51, 58, 59, 52, 45, 38, 31, 39, 46, 53, 60, 61, 54, 47, 55, 62, 63 };
                      ^~~~~~~
../src/dct.h:21:22: warning: 'K2' defined but not used [-Wunused-variable]
 static unsigned char K2[8][8] = {
                      ^~
../src/dct.h:10:22: warning: 'K1' defined but not used [-Wunused-variable]
 static unsigned char K1[8][8] = {
                      ^~
In file included from ../src/cameraSetup.h:13:0,
                 from ../src/main.c:3:
../src/cameraInit.h:358:27: warning: 'ov7670_image' defined but not used [-Wunused-variable]
 static struct regval_list ov7670_image[] = {
                           ^~~~~~~~~~~~
../src/cameraInit.h:351:27: warning: 'ov7670_test_bar' defined but not used [-Wunused-variable]
 static struct regval_list ov7670_test_bar[] = {
                           ^~~~~~~~~~~~~~~
../src/cameraInit.h:344:27: warning: 'ov7670_test_shift' defined but not used [-Wunused-variable]
 static struct regval_list ov7670_test_shift[] = {
                           ^~~~~~~~~~~~~~~~~
../src/cameraInit.h:326:27: warning: 'ov7670_fmt_rgb565' defined but not used [-Wunused-variable]
 static struct regval_list ov7670_fmt_rgb565[] = {
                           ^~~~~~~~~~~~~~~~~
../src/cameraInit.h:305:27: warning: 'ov7670_fmt_yuv422_manual_uv' defined but not used [-Wunused-variable]
 static struct regval_list ov7670_fmt_yuv422_manual_uv[] = {
                           ^~~~~~~~~~~~~~~~~~~~~~~~~~~
'Finished building: ../src/main.c'
' '
'Building file: ../src/mas_jpeg_coder.c'
'Invoking: ARM v7 gcc compiler'
arm-none-eabi-gcc -Wall -O0 -g3 -c -fmessage-length=0 -MT"src/mas_jpeg_coder.o" -mcpu=cortex-a9 -mfpu=vfpv3 -mfloat-abi=hard -I../../Camera_bsp/ps7_cortexa9_0/include -MMD -MP -MF"src/mas_jpeg_coder.d" -MT"src/mas_jpeg_coder.o" -o "src/mas_jpeg_coder.o" "../src/mas_jpeg_coder.c"
'Finished building: ../src/mas_jpeg_coder.c'
' '
'Building file: ../src/platform.c'
'Invoking: ARM v7 gcc compiler'
arm-none-eabi-gcc -Wall -O0 -g3 -c -fmessage-length=0 -MT"src/platform.o" -mcpu=cortex-a9 -mfpu=vfpv3 -mfloat-abi=hard -I../../Camera_bsp/ps7_cortexa9_0/include -MMD -MP -MF"src/platform.d" -MT"src/platform.o" -o "src/platform.o" "../src/platform.c"
'Finished building: ../src/platform.c'
' '
'Building file: ../src/platform_mb.c'
'Invoking: ARM v7 gcc compiler'
arm-none-eabi-gcc -Wall -O0 -g3 -c -fmessage-length=0 -MT"src/platform_mb.o" -mcpu=cortex-a9 -mfpu=vfpv3 -mfloat-abi=hard -I../../Camera_bsp/ps7_cortexa9_0/include -MMD -MP -MF"src/platform_mb.d" -MT"src/platform_mb.o" -o "src/platform_mb.o" "../src/platform_mb.c"
'Finished building: ../src/platform_mb.c'
' '
'Building file: ../src/platform_ppc.c'
'Invoking: ARM v7 gcc compiler'
arm-none-eabi-gcc -Wall -O0 -g3 -c -fmessage-length=0 -MT"src/platform_ppc.o" -mcpu=cortex-a9 -mfpu=vfpv3 -mfloat-abi=hard -I../../Camera_bsp/ps7_cortexa9_0/include -MMD -MP -MF"src/platform_ppc.d" -MT"src/platform_ppc.o" -o "src/platform_ppc.o" "../src/platform_ppc.c"
'Finished building: ../src/platform_ppc.c'
' '
'Building file: ../src/platform_zynq.c'
'Invoking: ARM v7 gcc compiler'
arm-none-eabi-gcc -Wall -O0 -g3 -c -fmessage-length=0 -MT"src/platform_zynq.o" -mcpu=cortex-a9 -mfpu=vfpv3 -mfloat-abi=hard -I../../Camera_bsp/ps7_cortexa9_0/include -MMD -MP -MF"src/platform_zynq.d" -MT"src/platform_zynq.o" -o "src/platform_zynq.o" "../src/platform_zynq.c"
'Finished building: ../src/platform_zynq.c'
' '
'Building file: ../src/platform_zynqmp.c'
'Invoking: ARM v7 gcc compiler'
arm-none-eabi-gcc -Wall -O0 -g3 -c -fmessage-length=0 -MT"src/platform_zynqmp.o" -mcpu=cortex-a9 -mfpu=vfpv3 -mfloat-abi=hard -I../../Camera_bsp/ps7_cortexa9_0/include -MMD -MP -MF"src/platform_zynqmp.d" -MT"src/platform_zynqmp.o" -o "src/platform_zynqmp.o" "../src/platform_zynqmp.c"
'Finished building: ../src/platform_zynqmp.c'
' '
'Building file: ../src/sfp.c'
'Invoking: ARM v7 gcc compiler'
arm-none-eabi-gcc -Wall -O0 -g3 -c -fmessage-length=0 -MT"src/sfp.o" -mcpu=cortex-a9 -mfpu=vfpv3 -mfloat-abi=hard -I../../Camera_bsp/ps7_cortexa9_0/include -MMD -MP -MF"src/sfp.d" -MT"src/sfp.o" -o "src/sfp.o" "../src/sfp.c"
'Finished building: ../src/sfp.c'
' '
'Building file: ../src/si5324.c'
'Invoking: ARM v7 gcc compiler'
arm-none-eabi-gcc -Wall -O0 -g3 -c -fmessage-length=0 -MT"src/si5324.o" -mcpu=cortex-a9 -mfpu=vfpv3 -mfloat-abi=hard -I../../Camera_bsp/ps7_cortexa9_0/include -MMD -MP -MF"src/si5324.d" -MT"src/si5324.o" -o "src/si5324.o" "../src/si5324.c"
'Finished building: ../src/si5324.c'
' '
'Building target: Camera.elf'
'Invoking: ARM v7 gcc linker'
arm-none-eabi-gcc -mcpu=cortex-a9 -mfpu=vfpv3 -mfloat-abi=hard -Wl,-build-id=none -specs=Xilinx.spec -Wl,-T -Wl,../src/lscript.ld -L../../Camera_bsp/ps7_cortexa9_0/lib -o "Camera.elf"  ./src/cameraSetup.o ./src/dct.o ./src/echo.o ./src/huffman_coding.o ./src/i2c_access.o ./src/iic_phyreset.o ./src/image.o ./src/jpg.o ./src/main.o ./src/mas_jpeg_coder.o ./src/platform.o ./src/platform_mb.o ./src/platform_ppc.o ./src/platform_zynq.o ./src/platform_zynqmp.o ./src/sfp.o ./src/si5324.o   -lm -Wl,--start-group,-lxil,-lgcc,-lc,--end-group -Wl,--start-group,-lxil,-llwip4,-lgcc,-lc,--end-group
'Finished building target: Camera.elf'
' '
'Invoking: ARM v7 Print Size'
arm-none-eabi-size Camera.elf  |tee "Camera.elf.size"
   text	   data	    bss	    dec	    hex	filename
 128020	  17156	47225120	47370296	2d2d038	Camera.elf
'Finished building: Camera.elf.size'
' '
17:36:46 **** Incremental Build of configuration Debug for project Camera ****
make pre-build main-build 
a9-linaro-pre-build-step
' '
make: Ništa za napraviti za `main-build'.
17:41:02 **** Incremental Build of configuration Debug for project Camera ****
make pre-build main-build 
a9-linaro-pre-build-step
' '
make: Ništa za napraviti za `main-build'.
17:42:11 **** Incremental Build of configuration Debug for project Camera ****
make pre-build main-build 
a9-linaro-pre-build-step
' '
make: Ništa za napraviti za `main-build'.
18:05:42 **** Auto Build of configuration Debug for project Camera ****
make pre-build main-build 
a9-linaro-pre-build-step
' '
'Building file: ../src/jpg.c'
'Invoking: ARM v7 gcc compiler'
arm-none-eabi-gcc -Wall -O0 -g3 -c -fmessage-length=0 -MT"src/jpg.o" -mcpu=cortex-a9 -mfpu=vfpv3 -mfloat-abi=hard -I../../Camera_bsp/ps7_cortexa9_0/include -MMD -MP -MF"src/jpg.d" -MT"src/jpg.o" -o "src/jpg.o" "../src/jpg.c"
In file included from ../src/jpg.h:5:0,
                 from ../src/jpg.c:1:
../src/huffman_coding.h:109:22: warning: 'scan_header' defined but not used [-Wunused-variable]
 static unsigned char scan_header[] = {
                      ^~~~~~~~~~~
In file included from ../src/jpg.h:5:0,
                 from ../src/jpg.c:1:
../src/huffman_coding.h:100:22: warning: 'huffman_table_ac_chrominance' defined but not used [-Wunused-variable]
 static unsigned char huffman_table_ac_chrominance[] = {
                      ^~~~~~~~~~~~~~~~~~~~~~~~~~~~
../src/huffman_coding.h:91:22: warning: 'huffman_table_dc_chrominance' defined but not used [-Wunused-variable]
 static unsigned char huffman_table_dc_chrominance[] = {
                      ^~~~~~~~~~~~~~~~~~~~~~~~~~~~
In file included from ../src/jpg.h:5:0,
                 from ../src/jpg.c:1:
../src/huffman_coding.h:82:22: warning: 'huffman_table_ac_luminance' defined but not used [-Wunused-variable]
 static unsigned char huffman_table_ac_luminance[] = {
                      ^~~~~~~~~~~~~~~~~~~~~~~~~~
../src/huffman_coding.h:73:22: warning: 'huffman_table_dc_luminance' defined but not used [-Wunused-variable]
 static unsigned char huffman_table_dc_luminance[] = {
                      ^~~~~~~~~~~~~~~~~~~~~~~~~~
../src/huffman_coding.h:47:22: warning: 'frame_header' defined but not used [-Wunused-variable]
 static unsigned char frame_header[] = {
                      ^~~~~~~~~~~~
../src/huffman_coding.h:40:22: warning: 'dqt_chr_ctx' defined but not used [-Wunused-variable]
 static unsigned char dqt_chr_ctx[] = {
                      ^~~~~~~~~~~
In file included from ../src/jpg.h:5:0,
                 from ../src/jpg.c:1:
../src/huffman_coding.h:33:22: warning: 'dqt_lum_ctx' defined but not used [-Wunused-variable]
 static unsigned char dqt_lum_ctx[] = {
                      ^~~~~~~~~~~
../src/huffman_coding.h:20:22: warning: 'ext_header' defined but not used [-Wunused-variable]
 static unsigned char ext_header[] = {
                      ^~~~~~~~~~
../src/huffman_coding.h:18:22: warning: 'eoi' defined but not used [-Wunused-variable]
 static unsigned char eoi[] = { 0xff, 0xd9 };
                      ^~~
../src/huffman_coding.h:17:22: warning: 'sos' defined but not used [-Wunused-variable]
 static unsigned char sos[] = { 0xff, 0xda };
                      ^~~
../src/huffman_coding.h:16:22: warning: 'sof' defined but not used [-Wunused-variable]
 static unsigned char sof[] = { 0xff, 0xc0 };
                      ^~~
../src/huffman_coding.h:15:22: warning: 'dht' defined but not used [-Wunused-variable]
 static unsigned char dht[] = { 0xff, 0xc4 };
                      ^~~
../src/huffman_coding.h:14:22: warning: 'dqt' defined but not used [-Wunused-variable]
 static unsigned char dqt[] = { 0xff, 0xdb };
                      ^~~
../src/huffman_coding.h:13:22: warning: 'ext' defined but not used [-Wunused-variable]
 static unsigned char ext[] = { 0xff, 0xe0 };
                      ^~~
../src/huffman_coding.h:12:22: warning: 'soi' defined but not used [-Wunused-variable]
 static unsigned char soi[] = { 0xff, 0xd8 };
                      ^~~
../src/huffman_coding.h:9:23: warning: 'jpeg_format_data_size' defined but not used [-Wunused-variable]
 static unsigned short jpeg_format_data_size = 625;
                       ^~~~~~~~~~~~~~~~~~~~~
In file included from ../src/jpg.h:4:0,
                 from ../src/jpg.c:1:
../src/dct.h:34:14: warning: 'cos_lookup_table' defined but not used [-Wunused-variable]
 static float cos_lookup_table[8][8] = {
              ^~~~~~~~~~~~~~~~
In file included from ../src/jpg.h:4:0,
                 from ../src/jpg.c:1:
../src/dct.h:21:22: warning: 'K2' defined but not used [-Wunused-variable]
 static unsigned char K2[8][8] = {
                      ^~
../src/dct.h:10:22: warning: 'K1' defined but not used [-Wunused-variable]
 static unsigned char K1[8][8] = {
                      ^~
'Finished building: ../src/jpg.c'
' '
'Building target: Camera.elf'
'Invoking: ARM v7 gcc linker'
arm-none-eabi-gcc -mcpu=cortex-a9 -mfpu=vfpv3 -mfloat-abi=hard -Wl,-build-id=none -specs=Xilinx.spec -Wl,-T -Wl,../src/lscript.ld -L../../Camera_bsp/ps7_cortexa9_0/lib -o "Camera.elf"  ./src/cameraSetup.o ./src/dct.o ./src/echo.o ./src/huffman_coding.o ./src/i2c_access.o ./src/iic_phyreset.o ./src/image.o ./src/jpg.o ./src/main.o ./src/mas_jpeg_coder.o ./src/platform.o ./src/platform_mb.o ./src/platform_ppc.o ./src/platform_zynq.o ./src/platform_zynqmp.o ./src/sfp.o ./src/si5324.o   -lm -Wl,--start-group,-lxil,-lgcc,-lc,--end-group -Wl,--start-group,-lxil,-llwip4,-lgcc,-lc,--end-group
'Finished building target: Camera.elf'
' '
'Invoking: ARM v7 Print Size'
arm-none-eabi-size Camera.elf  |tee "Camera.elf.size"
   text	   data	    bss	    dec	    hex	filename
 128212	  17156	47225120	47370488	2d2d0f8	Camera.elf
'Finished building: Camera.elf.size'
' '
18:08:23 **** Auto Build of configuration Debug for project Camera ****
make pre-build main-build 
a9-linaro-pre-build-step
' '
'Building file: ../src/jpg.c'
'Invoking: ARM v7 gcc compiler'
arm-none-eabi-gcc -Wall -O0 -g3 -c -fmessage-length=0 -MT"src/jpg.o" -mcpu=cortex-a9 -mfpu=vfpv3 -mfloat-abi=hard -I../../Camera_bsp/ps7_cortexa9_0/include -MMD -MP -MF"src/jpg.d" -MT"src/jpg.o" -o "src/jpg.o" "../src/jpg.c"
In file included from ../src/jpg.h:5:0,
                 from ../src/jpg.c:1:
../src/huffman_coding.h:109:22: warning: 'scan_header' defined but not used [-Wunused-variable]
 static unsigned char scan_header[] = {
                      ^~~~~~~~~~~
In file included from ../src/jpg.h:5:0,
                 from ../src/jpg.c:1:
../src/huffman_coding.h:100:22: warning: 'huffman_table_ac_chrominance' defined but not used [-Wunused-variable]
 static unsigned char huffman_table_ac_chrominance[] = {
                      ^~~~~~~~~~~~~~~~~~~~~~~~~~~~
../src/huffman_coding.h:91:22: warning: 'huffman_table_dc_chrominance' defined but not used [-Wunused-variable]
 static unsigned char huffman_table_dc_chrominance[] = {
                      ^~~~~~~~~~~~~~~~~~~~~~~~~~~~
In file included from ../src/jpg.h:5:0,
                 from ../src/jpg.c:1:
../src/huffman_coding.h:82:22: warning: 'huffman_table_ac_luminance' defined but not used [-Wunused-variable]
 static unsigned char huffman_table_ac_luminance[] = {
                      ^~~~~~~~~~~~~~~~~~~~~~~~~~
../src/huffman_coding.h:73:22: warning: 'huffman_table_dc_luminance' defined but not used [-Wunused-variable]
 static unsigned char huffman_table_dc_luminance[] = {
                      ^~~~~~~~~~~~~~~~~~~~~~~~~~
../src/huffman_coding.h:47:22: warning: 'frame_header' defined but not used [-Wunused-variable]
 static unsigned char frame_header[] = {
                      ^~~~~~~~~~~~
../src/huffman_coding.h:40:22: warning: 'dqt_chr_ctx' defined but not used [-Wunused-variable]
 static unsigned char dqt_chr_ctx[] = {
                      ^~~~~~~~~~~
In file included from ../src/jpg.h:5:0,
                 from ../src/jpg.c:1:
../src/huffman_coding.h:33:22: warning: 'dqt_lum_ctx' defined but not used [-Wunused-variable]
 static unsigned char dqt_lum_ctx[] = {
                      ^~~~~~~~~~~
../src/huffman_coding.h:20:22: warning: 'ext_header' defined but not used [-Wunused-variable]
 static unsigned char ext_header[] = {
                      ^~~~~~~~~~
../src/huffman_coding.h:18:22: warning: 'eoi' defined but not used [-Wunused-variable]
 static unsigned char eoi[] = { 0xff, 0xd9 };
                      ^~~
../src/huffman_coding.h:17:22: warning: 'sos' defined but not used [-Wunused-variable]
 static unsigned char sos[] = { 0xff, 0xda };
                      ^~~
../src/huffman_coding.h:16:22: warning: 'sof' defined but not used [-Wunused-variable]
 static unsigned char sof[] = { 0xff, 0xc0 };
                      ^~~
../src/huffman_coding.h:15:22: warning: 'dht' defined but not used [-Wunused-variable]
 static unsigned char dht[] = { 0xff, 0xc4 };
                      ^~~
../src/huffman_coding.h:14:22: warning: 'dqt' defined but not used [-Wunused-variable]
 static unsigned char dqt[] = { 0xff, 0xdb };
                      ^~~
../src/huffman_coding.h:13:22: warning: 'ext' defined but not used [-Wunused-variable]
 static unsigned char ext[] = { 0xff, 0xe0 };
                      ^~~
../src/huffman_coding.h:12:22: warning: 'soi' defined but not used [-Wunused-variable]
 static unsigned char soi[] = { 0xff, 0xd8 };
                      ^~~
../src/huffman_coding.h:9:23: warning: 'jpeg_format_data_size' defined but not used [-Wunused-variable]
 static unsigned short jpeg_format_data_size = 625;
                       ^~~~~~~~~~~~~~~~~~~~~
In file included from ../src/jpg.h:4:0,
                 from ../src/jpg.c:1:
../src/dct.h:34:14: warning: 'cos_lookup_table' defined but not used [-Wunused-variable]
 static float cos_lookup_table[8][8] = {
              ^~~~~~~~~~~~~~~~
In file included from ../src/jpg.h:4:0,
                 from ../src/jpg.c:1:
../src/dct.h:21:22: warning: 'K2' defined but not used [-Wunused-variable]
 static unsigned char K2[8][8] = {
                      ^~
../src/dct.h:10:22: warning: 'K1' defined but not used [-Wunused-variable]
 static unsigned char K1[8][8] = {
                      ^~
'Finished building: ../src/jpg.c'
' '
'Building target: Camera.elf'
'Invoking: ARM v7 gcc linker'
arm-none-eabi-gcc -mcpu=cortex-a9 -mfpu=vfpv3 -mfloat-abi=hard -Wl,-build-id=none -specs=Xilinx.spec -Wl,-T -Wl,../src/lscript.ld -L../../Camera_bsp/ps7_cortexa9_0/lib -o "Camera.elf"  ./src/cameraSetup.o ./src/dct.o ./src/echo.o ./src/huffman_coding.o ./src/i2c_access.o ./src/iic_phyreset.o ./src/image.o ./src/jpg.o ./src/main.o ./src/mas_jpeg_coder.o ./src/platform.o ./src/platform_mb.o ./src/platform_ppc.o ./src/platform_zynq.o ./src/platform_zynqmp.o ./src/sfp.o ./src/si5324.o   -lm -Wl,--start-group,-lxil,-lgcc,-lc,--end-group -Wl,--start-group,-lxil,-llwip4,-lgcc,-lc,--end-group
'Finished building target: Camera.elf'
' '
'Invoking: ARM v7 Print Size'
arm-none-eabi-size Camera.elf  |tee "Camera.elf.size"
   text	   data	    bss	    dec	    hex	filename
 128148	  17156	47225120	47370424	2d2d0b8	Camera.elf
'Finished building: Camera.elf.size'
' '
18:09:27 **** Auto Build of configuration Debug for project Camera ****
make pre-build main-build 
a9-linaro-pre-build-step
' '
'Building file: ../src/echo.c'
'Invoking: ARM v7 gcc compiler'
arm-none-eabi-gcc -Wall -O0 -g3 -c -fmessage-length=0 -MT"src/echo.o" -mcpu=cortex-a9 -mfpu=vfpv3 -mfloat-abi=hard -I../../Camera_bsp/ps7_cortexa9_0/include -MMD -MP -MF"src/echo.d" -MT"src/echo.o" -o "src/echo.o" "../src/echo.c"
In file included from ../src/image.h:3:0,
                 from ../src/echo.c:35:
../../Camera_bsp/ps7_cortexa9_0/include/xbasic_types.h:115:2: warning: #warning The xbasics_type.h file is deprecated and users should use xil_types.h and xil_assert. [-Wcpp]
 #warning  The xbasics_type.h file is deprecated and users should use xil_types.h and xil_assert.
  ^~~~~~~
../../Camera_bsp/ps7_cortexa9_0/include/xbasic_types.h:116:2: warning: #warning Please refer the Standalone BSP UG647 for further details [-Wcpp]
 #warning  Please refer the Standalone BSP UG647 for further details
  ^~~~~~~
../src/echo.c: In function 'sent_callback':
../src/echo.c:41:20: error: 'y_buffer' undeclared (first use in this function)
 #define TO_BE_SENT y_buffer
                    ^
../src/echo.c:78:14: note: in expansion of macro 'TO_BE_SENT'
  if (sent >= TO_BE_SENT)
              ^~~~~~~~~~
../src/echo.c:41:20: note: each undeclared identifier is reported only once for each function it appears in
 #define TO_BE_SENT y_buffer
                    ^
../src/echo.c:78:14: note: in expansion of macro 'TO_BE_SENT'
  if (sent >= TO_BE_SENT)
              ^~~~~~~~~~
../src/echo.c:43:17: warning: passing argument 2 of 'fill_buffer' makes pointer from integer without a cast [-Wint-conversion]
 #define TCPDATA 640*480
                 ^
../src/echo.c:90:22: note: in expansion of macro 'TCPDATA'
  fill_buffer(buffer, TCPDATA, sent, n);
                      ^~~~~~~
../src/echo.c:56:6: note: expected 'u8 * {aka unsigned char *}' but argument is of type 'int'
 void fill_buffer(unsigned char buffer[], u8 data[],
      ^~~~~~~~~~~
../src/echo.c: In function 'recv_callback':
../src/echo.c:41:20: error: 'y_buffer' undeclared (first use in this function)
 #define TO_BE_SENT y_buffer
                    ^
../src/echo.c:131:15: note: in expansion of macro 'TO_BE_SENT'
   if (sent >= TO_BE_SENT)
               ^~~~~~~~~~
../src/echo.c:43:17: warning: passing argument 2 of 'fill_buffer' makes pointer from integer without a cast [-Wint-conversion]
 #define TCPDATA 640*480
                 ^
../src/echo.c:143:23: note: in expansion of macro 'TCPDATA'
   fill_buffer(buffer, TCPDATA, sent, n);
                       ^~~~~~~
../src/echo.c:56:6: note: expected 'u8 * {aka unsigned char *}' but argument is of type 'int'
 void fill_buffer(unsigned char buffer[], u8 data[],
      ^~~~~~~~~~~
In file included from ../src/jpg.h:5:0,
                 from ../src/image.h:4,
                 from ../src/echo.c:35:
At top level:
../src/huffman_coding.h:338:23: warning: 'ac_chrominance' defined but not used [-Wunused-variable]
 static unsigned short ac_chrominance[160][2] = {
                       ^~~~~~~~~~~~~~
../src/huffman_coding.h:174:23: warning: 'ac_luminance' defined but not used [-Wunused-variable]
 static unsigned short ac_luminance[160][2] = {
                       ^~~~~~~~~~~~
../src/huffman_coding.h:169:23: warning: 'ac_zrl_chrom' defined but not used [-Wunused-variable]
 static unsigned short ac_zrl_chrom[2] = {
                       ^~~~~~~~~~~~
../src/huffman_coding.h:165:23: warning: 'ac_eob_chrom' defined but not used [-Wunused-variable]
 static unsigned short ac_eob_chrom[2] = {
                       ^~~~~~~~~~~~
../src/huffman_coding.h:161:23: warning: 'ac_zrl_lum' defined but not used [-Wunused-variable]
 static unsigned short ac_zrl_lum[2] = {
                       ^~~~~~~~~~
../src/huffman_coding.h:157:23: warning: 'ac_eob_lum' defined but not used [-Wunused-variable]
 static unsigned short ac_eob_lum[2] = {
                       ^~~~~~~~~~
../src/huffman_coding.h:142:23: warning: 'dc_chrominance' defined but not used [-Wunused-variable]
 static unsigned short dc_chrominance[12][2] = {
                       ^~~~~~~~~~~~~~
../src/huffman_coding.h:127:23: warning: 'dc_luminance' defined but not used [-Wunused-variable]
 static unsigned short dc_luminance[12][2] = {
                       ^~~~~~~~~~~~
../src/huffman_coding.h:109:22: warning: 'scan_header' defined but not used [-Wunused-variable]
 static unsigned char scan_header[] = {
                      ^~~~~~~~~~~
In file included from ../src/jpg.h:5:0,
                 from ../src/image.h:4,
                 from ../src/echo.c:35:
../src/huffman_coding.h:100:22: warning: 'huffman_table_ac_chrominance' defined but not used [-Wunused-variable]
 static unsigned char huffman_table_ac_chrominance[] = {
                      ^~~~~~~~~~~~~~~~~~~~~~~~~~~~
../src/huffman_coding.h:91:22: warning: 'huffman_table_dc_chrominance' defined but not used [-Wunused-variable]
 static unsigned char huffman_table_dc_chrominance[] = {
                      ^~~~~~~~~~~~~~~~~~~~~~~~~~~~
In file included from ../src/jpg.h:5:0,
                 from ../src/image.h:4,
                 from ../src/echo.c:35:
../src/huffman_coding.h:82:22: warning: 'huffman_table_ac_luminance' defined but not used [-Wunused-variable]
 static unsigned char huffman_table_ac_luminance[] = {
                      ^~~~~~~~~~~~~~~~~~~~~~~~~~
../src/huffman_coding.h:73:22: warning: 'huffman_table_dc_luminance' defined but not used [-Wunused-variable]
 static unsigned char huffman_table_dc_luminance[] = {
                      ^~~~~~~~~~~~~~~~~~~~~~~~~~
../src/huffman_coding.h:47:22: warning: 'frame_header' defined but not used [-Wunused-variable]
 static unsigned char frame_header[] = {
                      ^~~~~~~~~~~~
../src/huffman_coding.h:40:22: warning: 'dqt_chr_ctx' defined but not used [-Wunused-variable]
 static unsigned char dqt_chr_ctx[] = {
                      ^~~~~~~~~~~
In file included from ../src/jpg.h:5:0,
                 from ../src/image.h:4,
                 from ../src/echo.c:35:
../src/huffman_coding.h:33:22: warning: 'dqt_lum_ctx' defined but not used [-Wunused-variable]
 static unsigned char dqt_lum_ctx[] = {
                      ^~~~~~~~~~~
../src/huffman_coding.h:20:22: warning: 'ext_header' defined but not used [-Wunused-variable]
 static unsigned char ext_header[] = {
                      ^~~~~~~~~~
../src/huffman_coding.h:18:22: warning: 'eoi' defined but not used [-Wunused-variable]
 static unsigned char eoi[] = { 0xff, 0xd9 };
                      ^~~
../src/huffman_coding.h:17:22: warning: 'sos' defined but not used [-Wunused-variable]
 static unsigned char sos[] = { 0xff, 0xda };
                      ^~~
../src/huffman_coding.h:16:22: warning: 'sof' defined but not used [-Wunused-variable]
 static unsigned char sof[] = { 0xff, 0xc0 };
                      ^~~
../src/huffman_coding.h:15:22: warning: 'dht' defined but not used [-Wunused-variable]
 static unsigned char dht[] = { 0xff, 0xc4 };
                      ^~~
../src/huffman_coding.h:14:22: warning: 'dqt' defined but not used [-Wunused-variable]
 static unsigned char dqt[] = { 0xff, 0xdb };
                      ^~~
../src/huffman_coding.h:13:22: warning: 'ext' defined but not used [-Wunused-variable]
 static unsigned char ext[] = { 0xff, 0xe0 };
                      ^~~
../src/huffman_coding.h:12:22: warning: 'soi' defined but not used [-Wunused-variable]
 static unsigned char soi[] = { 0xff, 0xd8 };
                      ^~~
../src/huffman_coding.h:9:23: warning: 'jpeg_format_data_size' defined but not used [-Wunused-variable]
 static unsigned short jpeg_format_data_size = 625;
                       ^~~~~~~~~~~~~~~~~~~~~
In file included from ../src/jpg.h:4:0,
                 from ../src/image.h:4,
                 from ../src/echo.c:35:
../src/dct.h:34:14: warning: 'cos_lookup_table' defined but not used [-Wunused-variable]
 static float cos_lookup_table[8][8] = {
              ^~~~~~~~~~~~~~~~
In file included from ../src/jpg.h:4:0,
                 from ../src/image.h:4,
                 from ../src/echo.c:35:
../src/dct.h:32:22: warning: 'zig_zag' defined but not used [-Wunused-variable]
 static unsigned char zig_zag[64] = { 0, 1, 8, 16, 9, 2, 3, 10, 17, 24, 32, 25, 18, 11, 4, 5, 12, 19, 26, 33, 40, 48, 41, 34, 27, 20, 13, 6, 7, 14, 21, 28, 35, 42, 49, 56, 57, 50, 43, 36, 29, 22, 15, 23, 30, 37, 44, 51, 58, 59, 52, 45, 38, 31, 39, 46, 53, 60, 61, 54, 47, 55, 62, 63 };
                      ^~~~~~~
../src/dct.h:21:22: warning: 'K2' defined but not used [-Wunused-variable]
 static unsigned char K2[8][8] = {
                      ^~
../src/dct.h:10:22: warning: 'K1' defined but not used [-Wunused-variable]
 static unsigned char K1[8][8] = {
                      ^~
make: *** [src/echo.o] Greška 1
18:09:30 **** Incremental Build of configuration Debug for project Camera ****
make pre-build main-build 
a9-linaro-pre-build-step
' '
'Building file: ../src/echo.c'
'Invoking: ARM v7 gcc compiler'
arm-none-eabi-gcc -Wall -O0 -g3 -c -fmessage-length=0 -MT"src/echo.o" -mcpu=cortex-a9 -mfpu=vfpv3 -mfloat-abi=hard -I../../Camera_bsp/ps7_cortexa9_0/include -MMD -MP -MF"src/echo.d" -MT"src/echo.o" -o "src/echo.o" "../src/echo.c"
In file included from ../src/image.h:3:0,
                 from ../src/echo.c:35:
../../Camera_bsp/ps7_cortexa9_0/include/xbasic_types.h:115:2: warning: #warning The xbasics_type.h file is deprecated and users should use xil_types.h and xil_assert. [-Wcpp]
 #warning  The xbasics_type.h file is deprecated and users should use xil_types.h and xil_assert.
  ^~~~~~~
../../Camera_bsp/ps7_cortexa9_0/include/xbasic_types.h:116:2: warning: #warning Please refer the Standalone BSP UG647 for further details [-Wcpp]
 #warning  Please refer the Standalone BSP UG647 for further details
  ^~~~~~~
../src/echo.c: In function 'sent_callback':
../src/echo.c:41:20: error: 'y_buffer' undeclared (first use in this function)
 #define TO_BE_SENT y_buffer
                    ^
../src/echo.c:78:14: note: in expansion of macro 'TO_BE_SENT'
  if (sent >= TO_BE_SENT)
              ^~~~~~~~~~
../src/echo.c:41:20: note: each undeclared identifier is reported only once for each function it appears in
 #define TO_BE_SENT y_buffer
                    ^
../src/echo.c:78:14: note: in expansion of macro 'TO_BE_SENT'
  if (sent >= TO_BE_SENT)
              ^~~~~~~~~~
../src/echo.c:43:17: warning: passing argument 2 of 'fill_buffer' makes pointer from integer without a cast [-Wint-conversion]
 #define TCPDATA 640*480
                 ^
../src/echo.c:90:22: note: in expansion of macro 'TCPDATA'
  fill_buffer(buffer, TCPDATA, sent, n);
                      ^~~~~~~
../src/echo.c:56:6: note: expected 'u8 * {aka unsigned char *}' but argument is of type 'int'
 void fill_buffer(unsigned char buffer[], u8 data[],
      ^~~~~~~~~~~
../src/echo.c: In function 'recv_callback':
../src/echo.c:41:20: error: 'y_buffer' undeclared (first use in this function)
 #define TO_BE_SENT y_buffer
                    ^
../src/echo.c:131:15: note: in expansion of macro 'TO_BE_SENT'
   if (sent >= TO_BE_SENT)
               ^~~~~~~~~~
../src/echo.c:43:17: warning: passing argument 2 of 'fill_buffer' makes pointer from integer without a cast [-Wint-conversion]
 #define TCPDATA 640*480
                 ^
../src/echo.c:143:23: note: in expansion of macro 'TCPDATA'
   fill_buffer(buffer, TCPDATA, sent, n);
                       ^~~~~~~
../src/echo.c:56:6: note: expected 'u8 * {aka unsigned char *}' but argument is of type 'int'
 void fill_buffer(unsigned char buffer[], u8 data[],
      ^~~~~~~~~~~
In file included from ../src/jpg.h:5:0,
                 from ../src/image.h:4,
                 from ../src/echo.c:35:
At top level:
../src/huffman_coding.h:338:23: warning: 'ac_chrominance' defined but not used [-Wunused-variable]
 static unsigned short ac_chrominance[160][2] = {
                       ^~~~~~~~~~~~~~
../src/huffman_coding.h:174:23: warning: 'ac_luminance' defined but not used [-Wunused-variable]
 static unsigned short ac_luminance[160][2] = {
                       ^~~~~~~~~~~~
../src/huffman_coding.h:169:23: warning: 'ac_zrl_chrom' defined but not used [-Wunused-variable]
 static unsigned short ac_zrl_chrom[2] = {
                       ^~~~~~~~~~~~
../src/huffman_coding.h:165:23: warning: 'ac_eob_chrom' defined but not used [-Wunused-variable]
 static unsigned short ac_eob_chrom[2] = {
                       ^~~~~~~~~~~~
../src/huffman_coding.h:161:23: warning: 'ac_zrl_lum' defined but not used [-Wunused-variable]
 static unsigned short ac_zrl_lum[2] = {
                       ^~~~~~~~~~
../src/huffman_coding.h:157:23: warning: 'ac_eob_lum' defined but not used [-Wunused-variable]
 static unsigned short ac_eob_lum[2] = {
                       ^~~~~~~~~~
../src/huffman_coding.h:142:23: warning: 'dc_chrominance' defined but not used [-Wunused-variable]
 static unsigned short dc_chrominance[12][2] = {
                       ^~~~~~~~~~~~~~
../src/huffman_coding.h:127:23: warning: 'dc_luminance' defined but not used [-Wunused-variable]
 static unsigned short dc_luminance[12][2] = {
                       ^~~~~~~~~~~~
../src/huffman_coding.h:109:22: warning: 'scan_header' defined but not used [-Wunused-variable]
 static unsigned char scan_header[] = {
                      ^~~~~~~~~~~
In file included from ../src/jpg.h:5:0,
                 from ../src/image.h:4,
                 from ../src/echo.c:35:
../src/huffman_coding.h:100:22: warning: 'huffman_table_ac_chrominance' defined but not used [-Wunused-variable]
 static unsigned char huffman_table_ac_chrominance[] = {
                      ^~~~~~~~~~~~~~~~~~~~~~~~~~~~
../src/huffman_coding.h:91:22: warning: 'huffman_table_dc_chrominance' defined but not used [-Wunused-variable]
 static unsigned char huffman_table_dc_chrominance[] = {
                      ^~~~~~~~~~~~~~~~~~~~~~~~~~~~
In file included from ../src/jpg.h:5:0,
                 from ../src/image.h:4,
                 from ../src/echo.c:35:
../src/huffman_coding.h:82:22: warning: 'huffman_table_ac_luminance' defined but not used [-Wunused-variable]
 static unsigned char huffman_table_ac_luminance[] = {
                      ^~~~~~~~~~~~~~~~~~~~~~~~~~
../src/huffman_coding.h:73:22: warning: 'huffman_table_dc_luminance' defined but not used [-Wunused-variable]
 static unsigned char huffman_table_dc_luminance[] = {
                      ^~~~~~~~~~~~~~~~~~~~~~~~~~
../src/huffman_coding.h:47:22: warning: 'frame_header' defined but not used [-Wunused-variable]
 static unsigned char frame_header[] = {
                      ^~~~~~~~~~~~
../src/huffman_coding.h:40:22: warning: 'dqt_chr_ctx' defined but not used [-Wunused-variable]
 static unsigned char dqt_chr_ctx[] = {
                      ^~~~~~~~~~~
In file included from ../src/jpg.h:5:0,
                 from ../src/image.h:4,
                 from ../src/echo.c:35:
../src/huffman_coding.h:33:22: warning: 'dqt_lum_ctx' defined but not used [-Wunused-variable]
 static unsigned char dqt_lum_ctx[] = {
                      ^~~~~~~~~~~
../src/huffman_coding.h:20:22: warning: 'ext_header' defined but not used [-Wunused-variable]
 static unsigned char ext_header[] = {
                      ^~~~~~~~~~
../src/huffman_coding.h:18:22: warning: 'eoi' defined but not used [-Wunused-variable]
 static unsigned char eoi[] = { 0xff, 0xd9 };
                      ^~~
../src/huffman_coding.h:17:22: warning: 'sos' defined but not used [-Wunused-variable]
 static unsigned char sos[] = { 0xff, 0xda };
                      ^~~
../src/huffman_coding.h:16:22: warning: 'sof' defined but not used [-Wunused-variable]
 static unsigned char sof[] = { 0xff, 0xc0 };
                      ^~~
../src/huffman_coding.h:15:22: warning: 'dht' defined but not used [-Wunused-variable]
 static unsigned char dht[] = { 0xff, 0xc4 };
                      ^~~
../src/huffman_coding.h:14:22: warning: 'dqt' defined but not used [-Wunused-variable]
 static unsigned char dqt[] = { 0xff, 0xdb };
                      ^~~
../src/huffman_coding.h:13:22: warning: 'ext' defined but not used [-Wunused-variable]
 static unsigned char ext[] = { 0xff, 0xe0 };
                      ^~~
../src/huffman_coding.h:12:22: warning: 'soi' defined but not used [-Wunused-variable]
 static unsigned char soi[] = { 0xff, 0xd8 };
                      ^~~
../src/huffman_coding.h:9:23: warning: 'jpeg_format_data_size' defined but not used [-Wunused-variable]
 static unsigned short jpeg_format_data_size = 625;
                       ^~~~~~~~~~~~~~~~~~~~~
In file included from ../src/jpg.h:4:0,
                 from ../src/image.h:4,
                 from ../src/echo.c:35:
../src/dct.h:34:14: warning: 'cos_lookup_table' defined but not used [-Wunused-variable]
 static float cos_lookup_table[8][8] = {
              ^~~~~~~~~~~~~~~~
In file included from ../src/jpg.h:4:0,
                 from ../src/image.h:4,
                 from ../src/echo.c:35:
../src/dct.h:32:22: warning: 'zig_zag' defined but not used [-Wunused-variable]
 static unsigned char zig_zag[64] = { 0, 1, 8, 16, 9, 2, 3, 10, 17, 24, 32, 25, 18, 11, 4, 5, 12, 19, 26, 33, 40, 48, 41, 34, 27, 20, 13, 6, 7, 14, 21, 28, 35, 42, 49, 56, 57, 50, 43, 36, 29, 22, 15, 23, 30, 37, 44, 51, 58, 59, 52, 45, 38, 31, 39, 46, 53, 60, 61, 54, 47, 55, 62, 63 };
                      ^~~~~~~
../src/dct.h:21:22: warning: 'K2' defined but not used [-Wunused-variable]
 static unsigned char K2[8][8] = {
                      ^~
../src/dct.h:10:22: warning: 'K1' defined but not used [-Wunused-variable]
 static unsigned char K1[8][8] = {
                      ^~
make: *** [src/echo.o] Greška 1
18:12:26 **** Auto Build of configuration Debug for project Camera ****
make pre-build main-build 
a9-linaro-pre-build-step
' '
'Building file: ../src/echo.c'
'Invoking: ARM v7 gcc compiler'
[...]
../src/huffman_coding.h:15:22: warning: 'dht' defined but not used [-Wunused-variable]
 static unsigned char dht[] = { 0xff, 0xc4 };
                      ^~~
../src/huffman_coding.h:14:22: warning: 'dqt' defined but not used [-Wunused-variable]
 static unsigned char dqt[] = { 0xff, 0xdb };
                      ^~~
../src/huffman_coding.h:13:22: warning: 'ext' defined but not used [-Wunused-variable]
 static unsigned char ext[] = { 0xff, 0xe0 };
                      ^~~
../src/huffman_coding.h:12:22: warning: 'soi' defined but not used [-Wunused-variable]
 static unsigned char soi[] = { 0xff, 0xd8 };
                      ^~~
../src/huffman_coding.h:9:23: warning: 'jpeg_format_data_size' defined but not used [-Wunused-variable]
 static unsigned short jpeg_format_data_size = 625;
                       ^~~~~~~~~~~~~~~~~~~~~
In file included from ../src/jpg.h:4:0,
                 from ../src/image.h:4,
                 from ../src/echo.c:35:
../src/dct.h:34:14: warning: 'cos_lookup_table' defined but not used [-Wunused-variable]
 static float cos_lookup_table[8][8] = {
              ^~~~~~~~~~~~~~~~
In file included from ../src/jpg.h:4:0,
                 from ../src/image.h:4,
                 from ../src/echo.c:35:
../src/dct.h:32:22: warning: 'zig_zag' defined but not used [-Wunused-variable]
 static unsigned char zig_zag[64] = { 0, 1, 8, 16, 9, 2, 3, 10, 17, 24, 32, 25, 18, 11, 4, 5, 12, 19, 26, 33, 40, 48, 41, 34, 27, 20, 13, 6, 7, 14, 21, 28, 35, 42, 49, 56, 57, 50, 43, 36, 29, 22, 15, 23, 30, 37, 44, 51, 58, 59, 52, 45, 38, 31, 39, 46, 53, 60, 61, 54, 47, 55, 62, 63 };
                      ^~~~~~~
../src/dct.h:21:22: warning: 'K2' defined but not used [-Wunused-variable]
 static unsigned char K2[8][8] = {
                      ^~
../src/dct.h:10:22: warning: 'K1' defined but not used [-Wunused-variable]
 static unsigned char K1[8][8] = {
                      ^~
'Finished building: ../src/echo.c'
' '
'Building target: Camera.elf'
'Invoking: ARM v7 gcc linker'
arm-none-eabi-gcc -mcpu=cortex-a9 -mfpu=vfpv3 -mfloat-abi=hard -Wl,-build-id=none -specs=Xilinx.spec -Wl,-T -Wl,../src/lscript.ld -L../../Camera_bsp/ps7_cortexa9_0/lib -o "Camera.elf"  ./src/cameraSetup.o ./src/dct.o ./src/echo.o ./src/huffman_coding.o ./src/i2c_access.o ./src/iic_phyreset.o ./src/image.o ./src/jpg.o ./src/main.o ./src/platform.o ./src/platform_mb.o ./src/platform_ppc.o ./src/platform_zynq.o ./src/platform_zynqmp.o ./src/sfp.o ./src/si5324.o   -lm -Wl,--start-group,-lxil,-lgcc,-lc,--end-group -Wl,--start-group,-lxil,-llwip4,-lgcc,-lc,--end-group
'Finished building target: Camera.elf'
' '
'Invoking: ARM v7 Print Size'
arm-none-eabi-size Camera.elf  |tee "Camera.elf.size"
   text	   data	    bss	    dec	    hex	filename
 131808	   6236	47225120	47363164	2d2b45c	Camera.elf
'Finished building: Camera.elf.size'
' '
19:06:25 **** Auto Build of configuration Debug for project Camera ****
make pre-build main-build 
a9-linaro-pre-build-step
' '
'Building file: ../src/main.c'
'Invoking: ARM v7 gcc compiler'
arm-none-eabi-gcc -Wall -O3 -g3 -c -fmessage-length=0 -MT"src/main.o" -mcpu=cortex-a9 -mfpu=vfpv3 -mfloat-abi=hard -I../../Camera_bsp/ps7_cortexa9_0/include -MMD -MP -MF"src/main.d" -MT"src/main.o" -o "src/main.o" "../src/main.c"
In file included from ../src/image.h:3:0,
                 from ../src/main.c:4:
../../Camera_bsp/ps7_cortexa9_0/include/xbasic_types.h:115:2: warning: #warning The xbasics_type.h file is deprecated and users should use xil_types.h and xil_assert. [-Wcpp]
 #warning  The xbasics_type.h file is deprecated and users should use xil_types.h and xil_assert.
  ^~~~~~~
../../Camera_bsp/ps7_cortexa9_0/include/xbasic_types.h:116:2: warning: #warning Please refer the Standalone BSP UG647 for further details [-Wcpp]
 #warning  Please refer the Standalone BSP UG647 for further details
  ^~~~~~~
In file included from ../src/jpg.h:5:0,
                 from ../src/image.h:4,
                 from ../src/main.c:4:
../src/huffman_coding.h:338:23: warning: 'ac_chrominance' defined but not used [-Wunused-variable]
 static unsigned short ac_chrominance[160][2] = {
                       ^~~~~~~~~~~~~~
../src/huffman_coding.h:174:23: warning: 'ac_luminance' defined but not used [-Wunused-variable]
 static unsigned short ac_luminance[160][2] = {
                       ^~~~~~~~~~~~
../src/huffman_coding.h:169:23: warning: 'ac_zrl_chrom' defined but not used [-Wunused-variable]
 static unsigned short ac_zrl_chrom[2] = {
                       ^~~~~~~~~~~~
../src/huffman_coding.h:165:23: warning: 'ac_eob_chrom' defined but not used [-Wunused-variable]
 static unsigned short ac_eob_chrom[2] = {
                       ^~~~~~~~~~~~
../src/huffman_coding.h:161:23: warning: 'ac_zrl_lum' defined but not used [-Wunused-variable]
 static unsigned short ac_zrl_lum[2] = {
                       ^~~~~~~~~~
../src/huffman_coding.h:157:23: warning: 'ac_eob_lum' defined but not used [-Wunused-variable]
 static unsigned short ac_eob_lum[2] = {
                       ^~~~~~~~~~
../src/huffman_coding.h:142:23: warning: 'dc_chrominance' defined but not used [-Wunused-variable]
 static unsigned short dc_chrominance[12][2] = {
                       ^~~~~~~~~~~~~~
../src/huffman_coding.h:127:23: warning: 'dc_luminance' defined but not used [-Wunused-variable]
 static unsigned short dc_luminance[12][2] = {
                       ^~~~~~~~~~~~
../src/huffman_coding.h:109:22: warning: 'scan_header' defined but not used [-Wunused-variable]
 static unsigned char scan_header[] = {
                      ^~~~~~~~~~~
In file included from ../src/jpg.h:5:0,
                 from ../src/image.h:4,
                 from ../src/main.c:4:
../src/huffman_coding.h:100:22: warning: 'huffman_table_ac_chrominance' defined but not used [-Wunused-variable]
 static unsigned char huffman_table_ac_chrominance[] = {
                      ^~~~~~~~~~~~~~~~~~~~~~~~~~~~
../src/huffman_coding.h:91:22: warning: 'huffman_table_dc_chrominance' defined but not used [-Wunused-variable]
 static unsigned char huffman_table_dc_chrominance[] = {
                      ^~~~~~~~~~~~~~~~~~~~~~~~~~~~
In file included from ../src/jpg.h:5:0,
                 from ../src/image.h:4,
                 from ../src/main.c:4:
../src/huffman_coding.h:82:22: warning: 'huffman_table_ac_luminance' defined but not used [-Wunused-variable]
 static unsigned char huffman_table_ac_luminance[] = {
                      ^~~~~~~~~~~~~~~~~~~~~~~~~~
../src/huffman_coding.h:73:22: warning: 'huffman_table_dc_luminance' defined but not used [-Wunused-variable]
 static unsigned char huffman_table_dc_luminance[] = {
                      ^~~~~~~~~~~~~~~~~~~~~~~~~~
../src/huffman_coding.h:47:22: warning: 'frame_header' defined but not used [-Wunused-variable]
 static unsigned char frame_header[] = {
                      ^~~~~~~~~~~~
../src/huffman_coding.h:40:22: warning: 'dqt_chr_ctx' defined but not used [-Wunused-variable]
 static unsigned char dqt_chr_ctx[] = {
                      ^~~~~~~~~~~
In file included from ../src/jpg.h:5:0,
                 from ../src/image.h:4,
                 from ../src/main.c:4:
../src/huffman_coding.h:33:22: warning: 'dqt_lum_ctx' defined but not used [-Wunused-variable]
 static unsigned char dqt_lum_ctx[] = {
                      ^~~~~~~~~~~
../src/huffman_coding.h:20:22: warning: 'ext_header' defined but not used [-Wunused-variable]
 static unsigned char ext_header[] = {
                      ^~~~~~~~~~
../src/huffman_coding.h:18:22: warning: 'eoi' defined but not used [-Wunused-variable]
 static unsigned char eoi[] = { 0xff, 0xd9 };
                      ^~~
../src/huffman_coding.h:17:22: warning: 'sos' defined but not used [-Wunused-variable]
 static unsigned char sos[] = { 0xff, 0xda };
                      ^~~
../src/huffman_coding.h:16:22: warning: 'sof' defined but not used [-Wunused-variable]
 static unsigned char sof[] = { 0xff, 0xc0 };
                      ^~~
../src/huffman_coding.h:15:22: warning: 'dht' defined but not used [-Wunused-variable]
 static unsigned char dht[] = { 0xff, 0xc4 };
                      ^~~
../src/huffman_coding.h:14:22: warning: 'dqt' defined but not used [-Wunused-variable]
 static unsigned char dqt[] = { 0xff, 0xdb };
                      ^~~
../src/huffman_coding.h:13:22: warning: 'ext' defined but not used [-Wunused-variable]
 static unsigned char ext[] = { 0xff, 0xe0 };
                      ^~~
../src/huffman_coding.h:12:22: warning: 'soi' defined but not used [-Wunused-variable]
 static unsigned char soi[] = { 0xff, 0xd8 };
                      ^~~
../src/huffman_coding.h:9:23: warning: 'jpeg_format_data_size' defined but not used [-Wunused-variable]
 static unsigned short jpeg_format_data_size = 625;
                       ^~~~~~~~~~~~~~~~~~~~~
In file included from ../src/jpg.h:4:0,
                 from ../src/image.h:4,
                 from ../src/main.c:4:
../src/dct.h:34:14: warning: 'cos_lookup_table' defined but not used [-Wunused-variable]
 static float cos_lookup_table[8][8] = {
              ^~~~~~~~~~~~~~~~
In file included from ../src/jpg.h:4:0,
                 from ../src/image.h:4,
                 from ../src/main.c:4:
../src/dct.h:32:22: warning: 'zig_zag' defined but not used [-Wunused-variable]
 static unsigned char zig_zag[64] = { 0, 1, 8, 16, 9, 2, 3, 10, 17, 24, 32, 25, 18, 11, 4, 5, 12, 19, 26, 33, 40, 48, 41, 34, 27, 20, 13, 6, 7, 14, 21, 28, 35, 42, 49, 56, 57, 50, 43, 36, 29, 22, 15, 23, 30, 37, 44, 51, 58, 59, 52, 45, 38, 31, 39, 46, 53, 60, 61, 54, 47, 55, 62, 63 };
                      ^~~~~~~
../src/dct.h:21:22: warning: 'K2' defined but not used [-Wunused-variable]
 static unsigned char K2[8][8] = {
                      ^~
../src/dct.h:10:22: warning: 'K1' defined but not used [-Wunused-variable]
 static unsigned char K1[8][8] = {
                      ^~
In file included from ../src/cameraSetup.h:13:0,
                 from ../src/main.c:3:
../src/cameraInit.h:358:27: warning: 'ov7670_image' defined but not used [-Wunused-variable]
 static struct regval_list ov7670_image[] = {
                           ^~~~~~~~~~~~
../src/cameraInit.h:351:27: warning: 'ov7670_test_bar' defined but not used [-Wunused-variable]
 static struct regval_list ov7670_test_bar[] = {
                           ^~~~~~~~~~~~~~~
../src/cameraInit.h:344:27: warning: 'ov7670_test_shift' defined but not used [-Wunused-variable]
 static struct regval_list ov7670_test_shift[] = {
                           ^~~~~~~~~~~~~~~~~
../src/cameraInit.h:326:27: warning: 'ov7670_fmt_rgb565' defined but not used [-Wunused-variable]
 static struct regval_list ov7670_fmt_rgb565[] = {
                           ^~~~~~~~~~~~~~~~~
../src/cameraInit.h:305:27: warning: 'ov7670_fmt_yuv422_manual_uv' defined but not used [-Wunused-variable]
 static struct regval_list ov7670_fmt_yuv422_manual_uv[] = {
                           ^~~~~~~~~~~~~~~~~~~~~~~~~~~
'Finished building: ../src/main.c'
' '
'Building target: Camera.elf'
'Invoking: ARM v7 gcc linker'
arm-none-eabi-gcc -mcpu=cortex-a9 -mfpu=vfpv3 -mfloat-abi=hard -Wl,-build-id=none -specs=Xilinx.spec -Wl,-T -Wl,../src/lscript.ld -L../../Camera_bsp/ps7_cortexa9_0/lib -o "Camera.elf"  ./src/cameraSetup.o ./src/dct.o ./src/echo.o ./src/huffman_coding.o ./src/i2c_access.o ./src/iic_phyreset.o ./src/image.o ./src/jpg.o ./src/main.o ./src/platform.o ./src/platform_mb.o ./src/platform_ppc.o ./src/platform_zynq.o ./src/platform_zynqmp.o ./src/sfp.o ./src/si5324.o   -lm -Wl,--start-group,-lxil,-lgcc,-lc,--end-group -Wl,--start-group,-lxil,-llwip4,-lgcc,-lc,--end-group
'Finished building target: Camera.elf'
' '
'Invoking: ARM v7 Print Size'
arm-none-eabi-size Camera.elf  |tee "Camera.elf.size"
   text	   data	    bss	    dec	    hex	filename
 131804	   6236	47225120	47363160	2d2b458	Camera.elf
'Finished building: Camera.elf.size'
' '
19:06:29 **** Incremental Build of configuration Debug for project Camera ****
make pre-build main-build 
a9-linaro-pre-build-step
' '
make: Ništa za napraviti za `main-build'.
19:09:03 **** Auto Build of configuration Debug for project Camera ****
make pre-build main-build 
a9-linaro-pre-build-step
' '
'Building file: ../src/echo.c'
'Invoking: ARM v7 gcc compiler'
arm-none-eabi-gcc -Wall -O3 -g3 -c -fmessage-length=0 -MT"src/echo.o" -mcpu=cortex-a9 -mfpu=vfpv3 -mfloat-abi=hard -I../../Camera_bsp/ps7_cortexa9_0/include -MMD -MP -MF"src/echo.d" -MT"src/echo.o" -o "src/echo.o" "../src/echo.c"
In file included from ../src/image.h:3:0,
                 from ../src/echo.c:35:
../../Camera_bsp/ps7_cortexa9_0/include/xbasic_types.h:115:2: warning: #warning The xbasics_type.h file is deprecated and users should use xil_types.h and xil_assert. [-Wcpp]
 #warning  The xbasics_type.h file is deprecated and users should use xil_types.h and xil_assert.
  ^~~~~~~
../../Camera_bsp/ps7_cortexa9_0/include/xbasic_types.h:116:2: warning: #warning Please refer the Standalone BSP UG647 for further details [-Wcpp]
 #warning  Please refer the Standalone BSP UG647 for further details
  ^~~~~~~
In file included from ../src/jpg.h:5:0,
                 from ../src/image.h:4,
                 from ../src/echo.c:35:
../src/huffman_coding.h:338:23: warning: 'ac_chrominance' defined but not used [-Wunused-variable]
 static unsigned short ac_chrominance[160][2] = {
                       ^~~~~~~~~~~~~~
../src/huffman_coding.h:174:23: warning: 'ac_luminance' defined but not used [-Wunused-variable]
 static unsigned short ac_luminance[160][2] = {
                       ^~~~~~~~~~~~
../src/huffman_coding.h:169:23: warning: 'ac_zrl_chrom' defined but not used [-Wunused-variable]
 static unsigned short ac_zrl_chrom[2] = {
                       ^~~~~~~~~~~~
../src/huffman_coding.h:165:23: warning: 'ac_eob_chrom' defined but not used [-Wunused-variable]
 static unsigned short ac_eob_chrom[2] = {
                       ^~~~~~~~~~~~
../src/huffman_coding.h:161:23: warning: 'ac_zrl_lum' defined but not used [-Wunused-variable]
 static unsigned short ac_zrl_lum[2] = {
                       ^~~~~~~~~~
../src/huffman_coding.h:157:23: warning: 'ac_eob_lum' defined but not used [-Wunused-variable]
 static unsigned short ac_eob_lum[2] = {
                       ^~~~~~~~~~
../src/huffman_coding.h:142:23: warning: 'dc_chrominance' defined but not used [-Wunused-variable]
 static unsigned short dc_chrominance[12][2] = {
                       ^~~~~~~~~~~~~~
../src/huffman_coding.h:127:23: warning: 'dc_luminance' defined but not used [-Wunused-variable]
 static unsigned short dc_luminance[12][2] = {
                       ^~~~~~~~~~~~
../src/huffman_coding.h:109:22: warning: 'scan_header' defined but not used [-Wunused-variable]
 static unsigned char scan_header[] = {
                      ^~~~~~~~~~~
In file included from ../src/jpg.h:5:0,
                 from ../src/image.h:4,
                 from ../src/echo.c:35:
../src/huffman_coding.h:100:22: warning: 'huffman_table_ac_chrominance' defined but not used [-Wunused-variable]
 static unsigned char huffman_table_ac_chrominance[] = {
                      ^~~~~~~~~~~~~~~~~~~~~~~~~~~~
../src/huffman_coding.h:91:22: warning: 'huffman_table_dc_chrominance' defined but not used [-Wunused-variable]
 static unsigned char huffman_table_dc_chrominance[] = {
                      ^~~~~~~~~~~~~~~~~~~~~~~~~~~~
In file included from ../src/jpg.h:5:0,
                 from ../src/image.h:4,
                 from ../src/echo.c:35:
../src/huffman_coding.h:82:22: warning: 'huffman_table_ac_luminance' defined but not used [-Wunused-variable]
 static unsigned char huffman_table_ac_luminance[] = {
                      ^~~~~~~~~~~~~~~~~~~~~~~~~~
../src/huffman_coding.h:73:22: warning: 'huffman_table_dc_luminance' defined but not used [-Wunused-variable]
 static unsigned char huffman_table_dc_luminance[] = {
                      ^~~~~~~~~~~~~~~~~~~~~~~~~~
../src/huffman_coding.h:47:22: warning: 'frame_header' defined but not used [-Wunused-variable]
 static unsigned char frame_header[] = {
                      ^~~~~~~~~~~~
../src/huffman_coding.h:40:22: warning: 'dqt_chr_ctx' defined but not used [-Wunused-variable]
 static unsigned char dqt_chr_ctx[] = {
                      ^~~~~~~~~~~
In file included from ../src/jpg.h:5:0,
                 from ../src/image.h:4,
                 from ../src/echo.c:35:
../src/huffman_coding.h:33:22: warning: 'dqt_lum_ctx' defined but not used [-Wunused-variable]
 static unsigned char dqt_lum_ctx[] = {
                      ^~~~~~~~~~~
../src/huffman_coding.h:20:22: warning: 'ext_header' defined but not used [-Wunused-variable]
 static unsigned char ext_header[] = {
                      ^~~~~~~~~~
../src/huffman_coding.h:18:22: warning: 'eoi' defined but not used [-Wunused-variable]
 static unsigned char eoi[] = { 0xff, 0xd9 };
                      ^~~
../src/huffman_coding.h:17:22: warning: 'sos' defined but not used [-Wunused-variable]
 static unsigned char sos[] = { 0xff, 0xda };
                      ^~~
../src/huffman_coding.h:16:22: warning: 'sof' defined but not used [-Wunused-variable]
 static unsigned char sof[] = { 0xff, 0xc0 };
                      ^~~
../src/huffman_coding.h:15:22: warning: 'dht' defined but not used [-Wunused-variable]
 static unsigned char dht[] = { 0xff, 0xc4 };
                      ^~~
../src/huffman_coding.h:14:22: warning: 'dqt' defined but not used [-Wunused-variable]
 static unsigned char dqt[] = { 0xff, 0xdb };
                      ^~~
../src/huffman_coding.h:13:22: warning: 'ext' defined but not used [-Wunused-variable]
 static unsigned char ext[] = { 0xff, 0xe0 };
                      ^~~
../src/huffman_coding.h:12:22: warning: 'soi' defined but not used [-Wunused-variable]
 static unsigned char soi[] = { 0xff, 0xd8 };
                      ^~~
../src/huffman_coding.h:9:23: warning: 'jpeg_format_data_size' defined but not used [-Wunused-variable]
 static unsigned short jpeg_format_data_size = 625;
                       ^~~~~~~~~~~~~~~~~~~~~
In file included from ../src/jpg.h:4:0,
                 from ../src/image.h:4,
                 from ../src/echo.c:35:
../src/dct.h:34:14: warning: 'cos_lookup_table' defined but not used [-Wunused-variable]
 static float cos_lookup_table[8][8] = {
              ^~~~~~~~~~~~~~~~
In file included from ../src/jpg.h:4:0,
                 from ../src/image.h:4,
                 from ../src/echo.c:35:
../src/dct.h:32:22: warning: 'zig_zag' defined but not used [-Wunused-variable]
 static unsigned char zig_zag[64] = { 0, 1, 8, 16, 9, 2, 3, 10, 17, 24, 32, 25, 18, 11, 4, 5, 12, 19, 26, 33, 40, 48, 41, 34, 27, 20, 13, 6, 7, 14, 21, 28, 35, 42, 49, 56, 57, 50, 43, 36, 29, 22, 15, 23, 30, 37, 44, 51, 58, 59, 52, 45, 38, 31, 39, 46, 53, 60, 61, 54, 47, 55, 62, 63 };
                      ^~~~~~~
../src/dct.h:21:22: warning: 'K2' defined but not used [-Wunused-variable]
 static unsigned char K2[8][8] = {
                      ^~
../src/dct.h:10:22: warning: 'K1' defined but not used [-Wunused-variable]
 static unsigned char K1[8][8] = {
                      ^~
'Finished building: ../src/echo.c'
' '
'Building target: Camera.elf'
'Invoking: ARM v7 gcc linker'
arm-none-eabi-gcc -mcpu=cortex-a9 -mfpu=vfpv3 -mfloat-abi=hard -Wl,-build-id=none -specs=Xilinx.spec -Wl,-T -Wl,../src/lscript.ld -L../../Camera_bsp/ps7_cortexa9_0/lib -o "Camera.elf"  ./src/cameraSetup.o ./src/dct.o ./src/echo.o ./src/huffman_coding.o ./src/i2c_access.o ./src/iic_phyreset.o ./src/image.o ./src/jpg.o ./src/main.o ./src/platform.o ./src/platform_mb.o ./src/platform_ppc.o ./src/platform_zynq.o ./src/platform_zynqmp.o ./src/sfp.o ./src/si5324.o   -lm -Wl,--start-group,-lxil,-lgcc,-lc,--end-group -Wl,--start-group,-lxil,-llwip4,-lgcc,-lc,--end-group
'Finished building target: Camera.elf'
' '
'Invoking: ARM v7 Print Size'
arm-none-eabi-size Camera.elf  |tee "Camera.elf.size"
   text	   data	    bss	    dec	    hex	filename
 131804	   6236	47225120	47363160	2d2b458	Camera.elf
'Finished building: Camera.elf.size'
' '
