#-----------------------------------------------------------
# Vivado v2017.3 (64-bit)
# SW Build 2018833 on Wed Oct  4 19:58:22 MDT 2017
# IP Build 2016188 on Wed Oct  4 21:52:56 MDT 2017
# Start of session at: Tue Dec 19 11:38:51 2017
# Process ID: 8156
# Current directory: D:/FER/Multimedijske_arhitekture_i_sustavi/Projekt/MAS_LRI/Projekt
# Command line: vivado.exe -gui_launcher_event rodinguilauncherevent3036 D:\FER\Multimedijske_arhitekture_i_sustavi\Projekt\MAS_LRI\Projekt\MAS projekt.xpr
# Log file: D:/FER/Multimedijske_arhitekture_i_sustavi/Projekt/MAS_LRI/Projekt/vivado.log
# Journal file: D:/FER/Multimedijske_arhitekture_i_sustavi/Projekt/MAS_LRI/Projekt\vivado.jou
#-----------------------------------------------------------
start_gui
open_project {D:/FER/Multimedijske_arhitekture_i_sustavi/Projekt/MAS_LRI/Projekt/MAS projekt.xpr}
update_compile_order -fileset sources_1
launch_sdk -workspace {D:/FER/Multimedijske_arhitekture_i_sustavi/Projekt/MAS_LRI/Projekt/MAS projekt.sdk} -hwspec {D:/FER/Multimedijske_arhitekture_i_sustavi/Projekt/MAS_LRI/Projekt/MAS projekt.sdk/block_design_1_wrapper.hdf}
file copy -force {D:/FER/Multimedijske_arhitekture_i_sustavi/Projekt/MAS_LRI/Projekt/MAS projekt.runs/impl_1/block_design_1_wrapper.sysdef} {D:/FER/Multimedijske_arhitekture_i_sustavi/Projekt/MAS_LRI/Projekt/MAS projekt.sdk/block_design_1_wrapper.hdf}

save_project_as MAS_projekt D:/FER/Multimedijske_arhitekture_i_sustavi/Projekt/MAS_LRI/Projekt/MAS_projekt -force
