Copyright 1986-2017 Xilinx, Inc. All Rights Reserved.
------------------------------------------------------------------------------------------
| Tool Version : Vivado v.2017.3.1 (win64) Build 2035080 Fri Oct 20 14:20:01 MDT 2017
| Date         : Thu Jan 25 01:48:54 2018
| Host         : TERMINATOR running 64-bit Service Pack 1  (build 7601)
| Command      : report_control_sets -file block_design_1_wrapper_control_sets_placed.rpt
| Design       : block_design_1_wrapper
| Device       : xc7z020
------------------------------------------------------------------------------------------

Control Set Information

Table of Contents
-----------------
1. Summary
2. Flip-Flop Distribution

1. Summary
----------

+-------------------------------+-------+
|             Status            | Count |
+-------------------------------+-------+
| Number of unique control sets |    78 |
+-------------------------------+-------+


2. Flip-Flop Distribution
-------------------------

+--------------+-----------------------+------------------------+-----------------+--------------+
| Clock Enable | Synchronous Set/Reset | Asynchronous Set/Reset | Total Registers | Total Slices |
+--------------+-----------------------+------------------------+-----------------+--------------+
| No           | No                    | No                     |             252 |           90 |
| No           | No                    | Yes                    |               0 |            0 |
| No           | Yes                   | No                     |             231 |           90 |
| Yes          | No                    | No                     |             576 |          199 |
| Yes          | No                    | Yes                    |               0 |            0 |
| Yes          | Yes                   | No                     |             281 |           89 |
+--------------+-----------------------+------------------------+-----------------+--------------+


